Archive member included to satisfy reference by file (symbol)

c:/program files/microchip/xc32/v3.01/bin/bin/../../lib/gcc/pic32c/8.3.1/../../../../pic32c/lib/thumb/v7e-m+fp/hard\libpic32c.a(data_init.o)
                              build/default/debug/_ext/1171490990/startup_xc32.o (__pic32c_data_initialization)
c:/program files/microchip/xc32/v3.01/bin/bin/../../lib/gcc/pic32c/8.3.1/../../../../pic32c/lib/thumb/v7e-m+fp/hard\libg_nano.a(lib_a-init.o)
                              build/default/debug/_ext/1171490990/startup_xc32.o (__libc_init_array)
c:/program files/microchip/xc32/v3.01/bin/bin/../../lib/gcc/pic32c/8.3.1/../../../../pic32c/lib/thumb/v7e-m+fp/hard\libg_nano.a(lib_a-memcpy-stub.o)
                              build/default/debug/_ext/60165182/plib_can0.o (memcpy)
c:/program files/microchip/xc32/v3.01/bin/bin/../../lib/gcc/pic32c/8.3.1/../../../../pic32c/lib/thumb/v7e-m+fp/hard\libg_nano.a(lib_a-memset.o)
                              build/default/debug/_ext/60165182/plib_can0.o (memset)

Microchip PIC32 Memory-Usage Report

ROM Program-Memory Usage
section                    address  length [bytes]      (dec)  Description
-------                 ----------  -------------------------  -----------
.vectors                         0          0x260         608   
.text                        0x260           0x20          32  App's exec code 
.text.MET_Can_Protocol_      0x280          0x2b8         696   
.text.CAN0_InterruptHan      0x538          0x180         384   
.text.CLOCK_Initialize       0x6b8          0x120         288   
.dinit                       0x7d8           0xf0         240   
.text.ApplicationProtoc      0x8c8           0xbc         188   
.text.MET_Can_Protocol_      0x984           0xb0         176   
.text.CAN0_MessageTrans      0xa34           0xac         172   
.text.FilterTest             0xae0           0xa8         168   
.text.CAN0_MessageRAMCo      0xb88           0x94         148   
.text.Reset_Handler          0xc1c           0x94         148   
.text.CAN0_Initialize        0xcb0           0x88         136   
.text.__pic32c_data_ini      0xd38           0x88         136   
.text.main                   0xdc0           0x7c         124   
.text.PORT_Initialize        0xe3c           0x64         100   
.text.CAN0_MessageRecei      0xea0           0x4c          76   
.text.__libc_init_array      0xeec           0x48          72   
.text.MET_Can_Protocol_      0xf34           0x44          68   
.text.RTC_Initialize         0xf78           0x44          68   
.text                        0xfbc           0x40          64  App's exec code 
.text.CAN0_ErrorGet          0xffc           0x40          64   
.text.NVIC_Initialize       0x103c           0x40          64   
.text.MET_Can_Protocol_     0x107c           0x38          56   
.text.rtcEventHandler       0x10b4           0x38          56   
.text.TC0_CompareInitia     0x10ec           0x30          48   
.text.MET_Can_Protocol_     0x111c           0x28          40   
.text.RTC_InterruptHand     0x1144           0x28          40   
.text.SYS_Initialize        0x116c           0x24          36   
.text.FilterInit            0x1190           0x20          32   
.text.CAN0_RxCallbackRe     0x11b0           0x1c          28   
.text.memcpy                0x11cc           0x1c          28   
.text.RTC_Timer32Start      0x11e8           0x18          24   
.text.TC0_CompareStart      0x1200           0x18          24   
.text.MET_Can_Protocol_     0x1218           0x10          16   
.rodata                     0x1228           0x10          16  Read-only const 
.text.NVMCTRL_Initializ     0x1238           0x10          16   
.text.NVMCTRL_SmartEEPR     0x1248           0x10          16   
.text.PowerLedInit          0x1258           0x10          16   
.text.XrayInit              0x1268           0x10          16   
.text.memset                0x1278           0x10          16   
.text.ApplicationProtoc     0x1288            0xe          14   
.text.EVSYS_Initialize      0x1296            0x2           2   
.text.RTC_Timer32Callba     0x1298            0xc          12   
.text.ApplicationProtoc     0x12a4            0x8           8   
.text.Dummy_Handler         0x12ac            0x4           4   
.text.NonMaskableInt_Ha     0x12b0            0x4           4   
.text.HardFault_Handler     0x12b4            0x4           4   
.text.DebugMonitor_Hand     0x12b8            0x4           4   
.text.MemoryManagement_     0x12bc            0x4           4   
.text.BusFault_Handler      0x12c0            0x4           4   
.text.UsageFault_Handle     0x12c4            0x4           4   
.text.Dummy_App_Func        0x12c8            0x2           2   
.text.Protocol_7280_us_     0x12ca            0x2           2   
      Total ROM used  :      0x12cc        4812  0.5% of 0x100000
        --------------------------------------------------------------------------
         Total Program Memory used  :      0x12cc        4812  0.5% of 0x100000
        --------------------------------------------------------------------------


RAM Data-Memory Usage
section                    address  length [bytes]      (dec)  Description
-------                 ----------  -------------------------  -----------
.bss.MET_Protocol_Data_ 0x20000000           0x58          88   
.data.SmartEEPROM32     0x20000058            0x4           4   
.bss                    0x2000005c            0x4           4  Uninitialized data 
.bss.Can0MessageRAM     0x20000060           0x2c          44   
.bss.can0Obj            0x2000008c           0x28          40   
.bss.can0RxMsg          0x200000b4           0x28          40   
.bss.MET_Can_Protocol_R 0x200000dc           0x20          32   
.bss.can0CallbackObj    0x200000fc           0x20          32   
.bss                    0x2000011c           0x1c          28  Uninitialized data 
.bss.rtcObj             0x20000138            0xc          12   
.bss.lastSequence.9001  0x20000144            0x1           1   
.bss.msgFrameAttr0      0x20000145            0x1           1   
.bss.rxErrorTrigger     0x20000146            0x1           1   
.bss.rxReceptionTrigger 0x20000147            0x1           1   
.bss.messageMarker.8457 0x20000148            0x1           1   
.bss.stat.8921          0x20000149            0x1           1   
.bss.step.8922          0x2000014a            0x1           1   
.bss.trigger_time       0x2000014b            0x1           1   
         Total RAM used  :       0x14c         332  0.1% of 0x40000
        --------------------------------------------------------------------------
            Total Data Memory used  :       0x14c         332  0.1% of 0x40000
        --------------------------------------------------------------------------


Dynamic Data-Memory Reservation
section                    address  length [bytes]      (dec)  Description
-------                 ----------  -------------------------  -----------
heap                    0x20000150          0x200         512  Reserved for heap 
stack                   0x20000368        0x3fc88      261256  Reserved for stack 

        --------------------------------------------------------------------------

Discarded input sections

 .text          0x00000000        0x0 c:/program files/microchip/xc32/v3.01/bin/bin/../../lib/gcc/pic32c/8.3.1/thumb/v7e-m+fp/hard/crti.o
 .data          0x00000000        0x0 c:/program files/microchip/xc32/v3.01/bin/bin/../../lib/gcc/pic32c/8.3.1/thumb/v7e-m+fp/hard/crti.o
 .bss           0x00000000        0x0 c:/program files/microchip/xc32/v3.01/bin/bin/../../lib/gcc/pic32c/8.3.1/thumb/v7e-m+fp/hard/crti.o
 .xc_stack_usage.hdr
                0x00000000        0xe c:/program files/microchip/xc32/v3.01/bin/bin/../../lib/gcc/pic32c/8.3.1/thumb/v7e-m+fp/hard/crti.o
 .xc_stack_usage
                0x00000000       0x26 c:/program files/microchip/xc32/v3.01/bin/bin/../../lib/gcc/pic32c/8.3.1/thumb/v7e-m+fp/hard/crti.o
 .data          0x00000000        0x4 c:/program files/microchip/xc32/v3.01/bin/bin/../../lib/gcc/pic32c/8.3.1/thumb/v7e-m+fp/hard/crtbegin.o
 .xc_stack_usage
                0x00000000       0x3c c:/program files/microchip/xc32/v3.01/bin/bin/../../lib/gcc/pic32c/8.3.1/thumb/v7e-m+fp/hard/crtbegin.o
 .xc_stack_usage.hdr
                0x00000000        0xe c:/program files/microchip/xc32/v3.01/bin/bin/../../lib/gcc/pic32c/8.3.1/thumb/v7e-m+fp/hard/crtbegin.o
 .text          0x00000000        0x0 build/default/debug/_ext/1894469536/MET_can_protocol.o
 .data          0x00000000        0x0 build/default/debug/_ext/1894469536/MET_can_protocol.o
 .bss           0x00000000        0x0 build/default/debug/_ext/1894469536/MET_can_protocol.o
 .text.MET_Can_Protocol_SetStatusReg
                0x00000000       0x1c build/default/debug/_ext/1894469536/MET_can_protocol.o
 .text.MET_Can_Protocol_SetStatusBit
                0x00000000       0x34 build/default/debug/_ext/1894469536/MET_can_protocol.o
 .text.MET_Can_Protocol_GetStatus
                0x00000000       0x24 build/default/debug/_ext/1894469536/MET_can_protocol.o
 .text.MET_Can_Protocol_TestStatus
                0x00000000       0x2c build/default/debug/_ext/1894469536/MET_can_protocol.o
 .text.MET_Can_Protocol_GetErrors
                0x00000000       0x4c build/default/debug/_ext/1894469536/MET_can_protocol.o
 .text.MET_Can_Protocol_SetErrors
                0x00000000       0x2c build/default/debug/_ext/1894469536/MET_can_protocol.o
 .text.MET_Can_Protocol_GetData
                0x00000000       0x24 build/default/debug/_ext/1894469536/MET_can_protocol.o
 .text.MET_Can_Protocol_TestData
                0x00000000       0x2c build/default/debug/_ext/1894469536/MET_can_protocol.o
 .text.MET_Can_Protocol_GetParameter
                0x00000000       0x28 build/default/debug/_ext/1894469536/MET_can_protocol.o
 .text.MET_Can_Protocol_TestParameter
                0x00000000       0x30 build/default/debug/_ext/1894469536/MET_can_protocol.o
 .text.MET_Can_Protocol_returnCommandExecuting
                0x00000000       0x14 build/default/debug/_ext/1894469536/MET_can_protocol.o
 .text.MET_Can_Protocol_returnCommandExecuted
                0x00000000       0x14 build/default/debug/_ext/1894469536/MET_can_protocol.o
 .text.MET_Can_Protocol_returnCommandAborted
                0x00000000       0x10 build/default/debug/_ext/1894469536/MET_can_protocol.o
 .data.SmartEEPROM8
                0x00000000        0x4 build/default/debug/_ext/1894469536/MET_can_protocol.o
 .text          0x00000000        0x0 build/default/debug/_ext/60163342/plib_adc0.o
 .data          0x00000000        0x0 build/default/debug/_ext/60163342/plib_adc0.o
 .bss           0x00000000        0x0 build/default/debug/_ext/60163342/plib_adc0.o
 .text.ADC0_Initialize
                0x00000000       0x5c build/default/debug/_ext/60163342/plib_adc0.o
 .text.ADC0_Enable
                0x00000000       0x18 build/default/debug/_ext/60163342/plib_adc0.o
 .text.ADC0_Disable
                0x00000000       0x1c build/default/debug/_ext/60163342/plib_adc0.o
 .text.ADC0_ChannelSelect
                0x00000000       0x24 build/default/debug/_ext/60163342/plib_adc0.o
 .text.ADC0_ConversionStart
                0x00000000       0x18 build/default/debug/_ext/60163342/plib_adc0.o
 .text.ADC0_ComparisonWindowSet
                0x00000000       0x14 build/default/debug/_ext/60163342/plib_adc0.o
 .text.ADC0_WindowModeSet
                0x00000000       0x24 build/default/debug/_ext/60163342/plib_adc0.o
 .text.ADC0_ConversionResultGet
                0x00000000        0xc build/default/debug/_ext/60163342/plib_adc0.o
 .text.ADC0_LastConversionResultGet
                0x00000000        0xc build/default/debug/_ext/60163342/plib_adc0.o
 .text.ADC0_InterruptsClear
                0x00000000       0x10 build/default/debug/_ext/60163342/plib_adc0.o
 .text.ADC0_InterruptsEnable
                0x00000000       0x10 build/default/debug/_ext/60163342/plib_adc0.o
 .text.ADC0_InterruptsDisable
                0x00000000       0x10 build/default/debug/_ext/60163342/plib_adc0.o
 .text.ADC0_ConversionStatusGet
                0x00000000       0x24 build/default/debug/_ext/60163342/plib_adc0.o
 .debug_info    0x00000000      0xe8b build/default/debug/_ext/60163342/plib_adc0.o
 .debug_abbrev  0x00000000      0x19d build/default/debug/_ext/60163342/plib_adc0.o
 .debug_loc     0x00000000      0x129 build/default/debug/_ext/60163342/plib_adc0.o
 .debug_aranges
                0x00000000       0x80 build/default/debug/_ext/60163342/plib_adc0.o
 .debug_ranges  0x00000000       0x70 build/default/debug/_ext/60163342/plib_adc0.o
 .debug_line    0x00000000      0x3cc build/default/debug/_ext/60163342/plib_adc0.o
 .debug_str     0x00000000       0x19 build/default/debug/_ext/60163342/plib_adc0.o
 .comment       0x00000000       0x54 build/default/debug/_ext/60163342/plib_adc0.o
 .debug_frame   0x00000000       0xe0 build/default/debug/_ext/60163342/plib_adc0.o
 .ARM.attributes
                0x00000000       0x34 build/default/debug/_ext/60163342/plib_adc0.o
 .text          0x00000000        0x0 build/default/debug/_ext/60163342/plib_adc1.o
 .data          0x00000000        0x0 build/default/debug/_ext/60163342/plib_adc1.o
 .bss           0x00000000        0x0 build/default/debug/_ext/60163342/plib_adc1.o
 .text.ADC1_Initialize
                0x00000000       0x5c build/default/debug/_ext/60163342/plib_adc1.o
 .text.ADC1_Enable
                0x00000000       0x18 build/default/debug/_ext/60163342/plib_adc1.o
 .text.ADC1_Disable
                0x00000000       0x1c build/default/debug/_ext/60163342/plib_adc1.o
 .text.ADC1_ChannelSelect
                0x00000000       0x24 build/default/debug/_ext/60163342/plib_adc1.o
 .text.ADC1_ConversionStart
                0x00000000       0x18 build/default/debug/_ext/60163342/plib_adc1.o
 .text.ADC1_ComparisonWindowSet
                0x00000000       0x14 build/default/debug/_ext/60163342/plib_adc1.o
 .text.ADC1_WindowModeSet
                0x00000000       0x24 build/default/debug/_ext/60163342/plib_adc1.o
 .text.ADC1_ConversionResultGet
                0x00000000        0xc build/default/debug/_ext/60163342/plib_adc1.o
 .text.ADC1_LastConversionResultGet
                0x00000000        0xc build/default/debug/_ext/60163342/plib_adc1.o
 .text.ADC1_InterruptsClear
                0x00000000       0x10 build/default/debug/_ext/60163342/plib_adc1.o
 .text.ADC1_InterruptsEnable
                0x00000000       0x10 build/default/debug/_ext/60163342/plib_adc1.o
 .text.ADC1_InterruptsDisable
                0x00000000       0x10 build/default/debug/_ext/60163342/plib_adc1.o
 .text.ADC1_ConversionStatusGet
                0x00000000       0x24 build/default/debug/_ext/60163342/plib_adc1.o
 .debug_info    0x00000000      0xe8b build/default/debug/_ext/60163342/plib_adc1.o
 .debug_abbrev  0x00000000      0x19d build/default/debug/_ext/60163342/plib_adc1.o
 .debug_loc     0x00000000      0x129 build/default/debug/_ext/60163342/plib_adc1.o
 .debug_aranges
                0x00000000       0x80 build/default/debug/_ext/60163342/plib_adc1.o
 .debug_ranges  0x00000000       0x70 build/default/debug/_ext/60163342/plib_adc1.o
 .debug_line    0x00000000      0x3cc build/default/debug/_ext/60163342/plib_adc1.o
 .debug_str     0x00000000       0x19 build/default/debug/_ext/60163342/plib_adc1.o
 .comment       0x00000000       0x54 build/default/debug/_ext/60163342/plib_adc1.o
 .debug_frame   0x00000000       0xe0 build/default/debug/_ext/60163342/plib_adc1.o
 .ARM.attributes
                0x00000000       0x34 build/default/debug/_ext/60163342/plib_adc1.o
 .text          0x00000000        0x0 build/default/debug/_ext/60165182/plib_can0.o
 .data          0x00000000        0x0 build/default/debug/_ext/60165182/plib_can0.o
 .bss           0x00000000        0x0 build/default/debug/_ext/60165182/plib_can0.o
 .text.CAN0_TransmitEventFIFOElementGet
                0x00000000       0x60 build/default/debug/_ext/60165182/plib_can0.o
 .text.CAN0_ErrorCountGet
                0x00000000       0x12 build/default/debug/_ext/60165182/plib_can0.o
 .text.CAN0_InterruptGet
                0x00000000       0x10 build/default/debug/_ext/60165182/plib_can0.o
 .text.CAN0_InterruptClear
                0x00000000        0x8 build/default/debug/_ext/60165182/plib_can0.o
 .text.CAN0_TxFIFOIsFull
                0x00000000        0xe build/default/debug/_ext/60165182/plib_can0.o
 .text.CAN0_StandardFilterElementSet
                0x00000000       0x28 build/default/debug/_ext/60165182/plib_can0.o
 .text.CAN0_StandardFilterElementGet
                0x00000000       0x28 build/default/debug/_ext/60165182/plib_can0.o
 .text.CAN0_SleepModeEnter
                0x00000000       0x16 build/default/debug/_ext/60165182/plib_can0.o
 .text.CAN0_SleepModeExit
                0x00000000       0x2a build/default/debug/_ext/60165182/plib_can0.o
 .text.CAN0_TxCallbackRegister
                0x00000000       0x10 build/default/debug/_ext/60165182/plib_can0.o
 .text          0x00000000        0x0 build/default/debug/_ext/1984496892/plib_clock.o
 .data          0x00000000        0x0 build/default/debug/_ext/1984496892/plib_clock.o
 .bss           0x00000000        0x0 build/default/debug/_ext/1984496892/plib_clock.o
 .text          0x00000000        0x0 build/default/debug/_ext/1865131932/plib_cmcc.o
 .data          0x00000000        0x0 build/default/debug/_ext/1865131932/plib_cmcc.o
 .bss           0x00000000        0x0 build/default/debug/_ext/1865131932/plib_cmcc.o
 .text.CMCC_Disable
                0x00000000       0x18 build/default/debug/_ext/1865131932/plib_cmcc.o
 .text.CMCC_EnableICache
                0x00000000       0x28 build/default/debug/_ext/1865131932/plib_cmcc.o
 .text.CMCC_DisableICache
                0x00000000       0x28 build/default/debug/_ext/1865131932/plib_cmcc.o
 .text.CMCC_EnableDCache
                0x00000000       0x28 build/default/debug/_ext/1865131932/plib_cmcc.o
 .text.CMCC_DisableDCache
                0x00000000       0x28 build/default/debug/_ext/1865131932/plib_cmcc.o
 .text.CMCC_InvalidateAll
                0x00000000       0x20 build/default/debug/_ext/1865131932/plib_cmcc.o
 .debug_info    0x00000000      0x5d7 build/default/debug/_ext/1865131932/plib_cmcc.o
 .debug_abbrev  0x00000000       0x9d build/default/debug/_ext/1865131932/plib_cmcc.o
 .debug_aranges
                0x00000000       0x48 build/default/debug/_ext/1865131932/plib_cmcc.o
 .debug_ranges  0x00000000       0x38 build/default/debug/_ext/1865131932/plib_cmcc.o
 .debug_line    0x00000000      0x285 build/default/debug/_ext/1865131932/plib_cmcc.o
 .debug_str     0x00000000        0x0 build/default/debug/_ext/1865131932/plib_cmcc.o
 .comment       0x00000000       0x54 build/default/debug/_ext/1865131932/plib_cmcc.o
 .debug_frame   0x00000000       0x70 build/default/debug/_ext/1865131932/plib_cmcc.o
 .ARM.attributes
                0x00000000       0x34 build/default/debug/_ext/1865131932/plib_cmcc.o
 .text          0x00000000        0x0 build/default/debug/_ext/1986646378/plib_evsys.o
 .data          0x00000000        0x0 build/default/debug/_ext/1986646378/plib_evsys.o
 .bss           0x00000000        0x0 build/default/debug/_ext/1986646378/plib_evsys.o
 .text          0x00000000        0x0 build/default/debug/_ext/1865468468/plib_nvic.o
 .data          0x00000000        0x0 build/default/debug/_ext/1865468468/plib_nvic.o
 .bss           0x00000000        0x0 build/default/debug/_ext/1865468468/plib_nvic.o
 .text.NVIC_INT_Enable
                0x00000000        0x8 build/default/debug/_ext/1865468468/plib_nvic.o
 .text.NVIC_INT_Disable
                0x00000000       0x12 build/default/debug/_ext/1865468468/plib_nvic.o
 .text.NVIC_INT_Restore
                0x00000000       0x12 build/default/debug/_ext/1865468468/plib_nvic.o
 .text          0x00000000        0x0 build/default/debug/_ext/1593096446/plib_nvmctrl.o
 .data          0x00000000        0x0 build/default/debug/_ext/1593096446/plib_nvmctrl.o
 .bss           0x00000000        0x0 build/default/debug/_ext/1593096446/plib_nvmctrl.o
 .text.NVMCTRL_Read
                0x00000000       0x10 build/default/debug/_ext/1593096446/plib_nvmctrl.o
 .text.NVMCTRL_SetWriteMode
                0x00000000       0x14 build/default/debug/_ext/1593096446/plib_nvmctrl.o
 .text.NVMCTRL_QuadWordWrite
                0x00000000       0x4c build/default/debug/_ext/1593096446/plib_nvmctrl.o
 .text.NVMCTRL_DoubleWordWrite
                0x00000000       0x40 build/default/debug/_ext/1593096446/plib_nvmctrl.o
 .text.NVMCTRL_PageWrite
                0x00000000       0x40 build/default/debug/_ext/1593096446/plib_nvmctrl.o
 .text.NVMCTRL_BlockErase
                0x00000000       0x1c build/default/debug/_ext/1593096446/plib_nvmctrl.o
 .text.NVMCTRL_ErrorGet
                0x00000000       0x20 build/default/debug/_ext/1593096446/plib_nvmctrl.o
 .text.NVMCTRL_StatusGet
                0x00000000        0xc build/default/debug/_ext/1593096446/plib_nvmctrl.o
 .text.NVMCTRL_IsBusy
                0x00000000       0x14 build/default/debug/_ext/1593096446/plib_nvmctrl.o
 .text.NVMCTRL_RegionLock
                0x00000000       0x10 build/default/debug/_ext/1593096446/plib_nvmctrl.o
 .text.NVMCTRL_RegionUnlock
                0x00000000       0x10 build/default/debug/_ext/1593096446/plib_nvmctrl.o
 .text.NVMCTRL_RegionLockStatusGet
                0x00000000        0xc build/default/debug/_ext/1593096446/plib_nvmctrl.o
 .text.NVMCTRL_SmartEEPROMStatusGet
                0x00000000        0xc build/default/debug/_ext/1593096446/plib_nvmctrl.o
 .text.NVMCTRL_SmartEEPROM_IsActiveSectorFull
                0x00000000       0x10 build/default/debug/_ext/1593096446/plib_nvmctrl.o
 .text.NVMCTRL_BankSwap
                0x00000000       0x10 build/default/debug/_ext/1593096446/plib_nvmctrl.o
 .text.NVMCTRL_SmartEEPROMSectorReallocate
                0x00000000       0x10 build/default/debug/_ext/1593096446/plib_nvmctrl.o
 .text.NVMCTRL_SmartEEPROMFlushPageBuffer
                0x00000000       0x18 build/default/debug/_ext/1593096446/plib_nvmctrl.o
 .bss.nvm_error
                0x00000000        0x2 build/default/debug/_ext/1593096446/plib_nvmctrl.o
 .text          0x00000000        0x0 build/default/debug/_ext/1865521619/plib_port.o
 .data          0x00000000        0x0 build/default/debug/_ext/1865521619/plib_port.o
 .bss           0x00000000        0x0 build/default/debug/_ext/1865521619/plib_port.o
 .text.PORT_GroupRead
                0x00000000        0x4 build/default/debug/_ext/1865521619/plib_port.o
 .text.PORT_GroupWrite
                0x00000000        0xc build/default/debug/_ext/1865521619/plib_port.o
 .text.PORT_GroupLatchRead
                0x00000000        0x4 build/default/debug/_ext/1865521619/plib_port.o
 .text.PORT_GroupSet
                0x00000000        0x4 build/default/debug/_ext/1865521619/plib_port.o
 .text.PORT_GroupClear
                0x00000000        0x4 build/default/debug/_ext/1865521619/plib_port.o
 .text.PORT_GroupToggle
                0x00000000        0x4 build/default/debug/_ext/1865521619/plib_port.o
 .text.PORT_GroupInputEnable
                0x00000000        0x4 build/default/debug/_ext/1865521619/plib_port.o
 .text.PORT_GroupOutputEnable
                0x00000000        0x4 build/default/debug/_ext/1865521619/plib_port.o
 .text.PORT_PinPeripheralFunctionConfig
                0x00000000       0x4a build/default/debug/_ext/1865521619/plib_port.o
 .text.PORT_PinGPIOConfig
                0x00000000       0x20 build/default/debug/_ext/1865521619/plib_port.o
 .text          0x00000000        0x0 build/default/debug/_ext/60180175/plib_rtc_timer.o
 .data          0x00000000        0x0 build/default/debug/_ext/60180175/plib_rtc_timer.o
 .bss           0x00000000        0x0 build/default/debug/_ext/60180175/plib_rtc_timer.o
 .text.RTC_Timer32Stop
                0x00000000       0x1c build/default/debug/_ext/60180175/plib_rtc_timer.o
 .text.RTC_Timer32CounterSet
                0x00000000       0x14 build/default/debug/_ext/60180175/plib_rtc_timer.o
 .text.RTC_Timer32Compare0Set
                0x00000000       0x14 build/default/debug/_ext/60180175/plib_rtc_timer.o
 .text.RTC_Timer32Compare1Set
                0x00000000       0x14 build/default/debug/_ext/60180175/plib_rtc_timer.o
 .text.RTC_Timer32CounterGet
                0x00000000       0x14 build/default/debug/_ext/60180175/plib_rtc_timer.o
 .text.RTC_Timer32PeriodGet
                0x00000000        0x6 build/default/debug/_ext/60180175/plib_rtc_timer.o
 .text.RTC_Timer32FrequencyGet
                0x00000000        0x6 build/default/debug/_ext/60180175/plib_rtc_timer.o
 .text.RTC_Timer32InterruptEnable
                0x00000000        0xc build/default/debug/_ext/60180175/plib_rtc_timer.o
 .text.RTC_Timer32InterruptDisable
                0x00000000        0xc build/default/debug/_ext/60180175/plib_rtc_timer.o
 .text.RTC_BackupRegisterSet
                0x00000000       0x10 build/default/debug/_ext/60180175/plib_rtc_timer.o
 .text.RTC_BackupRegisterGet
                0x00000000       0x10 build/default/debug/_ext/60180175/plib_rtc_timer.o
 .text.RTC_TamperSourceGet
                0x00000000        0xc build/default/debug/_ext/60180175/plib_rtc_timer.o
 .text.RTC_Timer32TimeStampGet
                0x00000000        0xc build/default/debug/_ext/60180175/plib_rtc_timer.o
 .text          0x00000000        0x0 build/default/debug/_ext/829342655/plib_tc0.o
 .data          0x00000000        0x0 build/default/debug/_ext/829342655/plib_tc0.o
 .bss           0x00000000        0x0 build/default/debug/_ext/829342655/plib_tc0.o
 .text.TC0_CompareStop
                0x00000000       0x18 build/default/debug/_ext/829342655/plib_tc0.o
 .text.TC0_CompareFrequencyGet
                0x00000000        0x4 build/default/debug/_ext/829342655/plib_tc0.o
 .text.TC0_CompareCommandSet
                0x00000000       0x18 build/default/debug/_ext/829342655/plib_tc0.o
 .text.TC0_Compare8bitCounterGet
                0x00000000       0x28 build/default/debug/_ext/829342655/plib_tc0.o
 .text.TC0_Compare8bitCounterSet
                0x00000000       0x14 build/default/debug/_ext/829342655/plib_tc0.o
 .text.TC0_Compare8bitPeriodSet
                0x00000000       0x1c build/default/debug/_ext/829342655/plib_tc0.o
 .text.TC0_Compare8bitPeriodGet
                0x00000000        0xc build/default/debug/_ext/829342655/plib_tc0.o
 .text.TC0_Compare8bitMatch0Set
                0x00000000       0x1c build/default/debug/_ext/829342655/plib_tc0.o
 .text.TC0_Compare8bitMatch1Set
                0x00000000       0x1c build/default/debug/_ext/829342655/plib_tc0.o
 .text.TC0_CompareStatusGet
                0x00000000       0x10 build/default/debug/_ext/829342655/plib_tc0.o
 .text          0x00000000        0x0 build/default/debug/_ext/163028504/xc32_monitor.o
 .data          0x00000000        0x0 build/default/debug/_ext/163028504/xc32_monitor.o
 .bss           0x00000000        0x0 build/default/debug/_ext/163028504/xc32_monitor.o
 .text._mon_getc
                0x00000000        0x4 build/default/debug/_ext/163028504/xc32_monitor.o
 .text._mon_putc
                0x00000000        0x2 build/default/debug/_ext/163028504/xc32_monitor.o
 .debug_info    0x00000000      0x2e3 build/default/debug/_ext/163028504/xc32_monitor.o
 .debug_abbrev  0x00000000       0x80 build/default/debug/_ext/163028504/xc32_monitor.o
 .debug_loc     0x00000000       0x25 build/default/debug/_ext/163028504/xc32_monitor.o
 .debug_aranges
                0x00000000       0x28 build/default/debug/_ext/163028504/xc32_monitor.o
 .debug_ranges  0x00000000       0x18 build/default/debug/_ext/163028504/xc32_monitor.o
 .debug_line    0x00000000       0x7d build/default/debug/_ext/163028504/xc32_monitor.o
 .debug_str     0x00000000        0x0 build/default/debug/_ext/163028504/xc32_monitor.o
 .comment       0x00000000       0x54 build/default/debug/_ext/163028504/xc32_monitor.o
 .debug_frame   0x00000000       0x30 build/default/debug/_ext/163028504/xc32_monitor.o
 .ARM.attributes
                0x00000000       0x34 build/default/debug/_ext/163028504/xc32_monitor.o
 .text          0x00000000        0x0 build/default/debug/_ext/1171490990/initialization.o
 .data          0x00000000        0x0 build/default/debug/_ext/1171490990/initialization.o
 .bss           0x00000000        0x0 build/default/debug/_ext/1171490990/initialization.o
 .text          0x00000000        0x0 build/default/debug/_ext/1171490990/interrupts.o
 .data          0x00000000        0x0 build/default/debug/_ext/1171490990/interrupts.o
 .bss           0x00000000        0x0 build/default/debug/_ext/1171490990/interrupts.o
 .text          0x00000000        0x0 build/default/debug/_ext/1171490990/exceptions.o
 .data          0x00000000        0x0 build/default/debug/_ext/1171490990/exceptions.o
 .bss           0x00000000        0x0 build/default/debug/_ext/1171490990/exceptions.o
 .text          0x00000000        0x0 build/default/debug/_ext/1171490990/startup_xc32.o
 .data          0x00000000        0x0 build/default/debug/_ext/1171490990/startup_xc32.o
 .bss           0x00000000        0x0 build/default/debug/_ext/1171490990/startup_xc32.o
 .text          0x00000000        0x0 build/default/debug/_ext/1171490990/libc_syscalls.o
 .data          0x00000000        0x0 build/default/debug/_ext/1171490990/libc_syscalls.o
 .bss           0x00000000        0x0 build/default/debug/_ext/1171490990/libc_syscalls.o
 .text._exit    0x00000000        0x4 build/default/debug/_ext/1171490990/libc_syscalls.o
 .debug_info    0x00000000      0xf70 build/default/debug/_ext/1171490990/libc_syscalls.o
 .debug_abbrev  0x00000000      0x1d0 build/default/debug/_ext/1171490990/libc_syscalls.o
 .debug_aranges
                0x00000000       0x20 build/default/debug/_ext/1171490990/libc_syscalls.o
 .debug_ranges  0x00000000       0x10 build/default/debug/_ext/1171490990/libc_syscalls.o
 .debug_line    0x00000000      0x1d6 build/default/debug/_ext/1171490990/libc_syscalls.o
 .debug_str     0x00000000        0xe build/default/debug/_ext/1171490990/libc_syscalls.o
 .comment       0x00000000       0x54 build/default/debug/_ext/1171490990/libc_syscalls.o
 .debug_frame   0x00000000       0x20 build/default/debug/_ext/1171490990/libc_syscalls.o
 .ARM.attributes
                0x00000000       0x34 build/default/debug/_ext/1171490990/libc_syscalls.o
 .text          0x00000000        0x0 build/default/debug/_ext/1229855278/filter.o
 .data          0x00000000        0x0 build/default/debug/_ext/1229855278/filter.o
 .bss           0x00000000        0x0 build/default/debug/_ext/1229855278/filter.o
 .text.setCurrentLimit
                0x00000000       0x3c build/default/debug/_ext/1229855278/filter.o
 .text.setMicroStep
                0x00000000       0x38 build/default/debug/_ext/1229855278/filter.o
 .text.FilterLoop
                0x00000000        0x2 build/default/debug/_ext/1229855278/filter.o
 .text          0x00000000        0x0 build/default/debug/_ext/804795040/power_led.o
 .data          0x00000000        0x0 build/default/debug/_ext/804795040/power_led.o
 .bss           0x00000000        0x0 build/default/debug/_ext/804795040/power_led.o
 .text.PowerLedLoop
                0x00000000        0x2 build/default/debug/_ext/804795040/power_led.o
 .text          0x00000000        0x0 build/default/debug/_ext/1042908558/protocol.o
 .data          0x00000000        0x0 build/default/debug/_ext/1042908558/protocol.o
 .bss           0x00000000        0x0 build/default/debug/_ext/1042908558/protocol.o
 .text          0x00000000        0x0 build/default/debug/_ext/382305744/xray_tube.o
 .data          0x00000000        0x0 build/default/debug/_ext/382305744/xray_tube.o
 .bss           0x00000000        0x0 build/default/debug/_ext/382305744/xray_tube.o
 .text.XrayLoop
                0x00000000        0x2 build/default/debug/_ext/382305744/xray_tube.o
 .text          0x00000000        0x0 build/default/debug/_ext/1360937237/main.o
 .data          0x00000000        0x0 build/default/debug/_ext/1360937237/main.o
 .bss           0x00000000        0x0 build/default/debug/_ext/1360937237/main.o
 .text          0x00000000        0x0 c:/program files/microchip/xc32/v3.01/bin/bin/../../lib/gcc/pic32c/8.3.1/../../../../pic32c/lib/thumb/v7e-m+fp/hard\libpic32c.a(data_init.o)
 .data          0x00000000        0x0 c:/program files/microchip/xc32/v3.01/bin/bin/../../lib/gcc/pic32c/8.3.1/../../../../pic32c/lib/thumb/v7e-m+fp/hard\libpic32c.a(data_init.o)
 .xc_stack_usage
                0x00000000       0x2a c:/program files/microchip/xc32/v3.01/bin/bin/../../lib/gcc/pic32c/8.3.1/../../../../pic32c/lib/thumb/v7e-m+fp/hard\libpic32c.a(data_init.o)
 .xc_stack_usage.hdr
                0x00000000        0xe c:/program files/microchip/xc32/v3.01/bin/bin/../../lib/gcc/pic32c/8.3.1/../../../../pic32c/lib/thumb/v7e-m+fp/hard\libpic32c.a(data_init.o)
 .text          0x00000000        0x0 c:/program files/microchip/xc32/v3.01/bin/bin/../../lib/gcc/pic32c/8.3.1/../../../../pic32c/lib/thumb/v7e-m+fp/hard\libg_nano.a(lib_a-init.o)
 .data          0x00000000        0x0 c:/program files/microchip/xc32/v3.01/bin/bin/../../lib/gcc/pic32c/8.3.1/../../../../pic32c/lib/thumb/v7e-m+fp/hard\libg_nano.a(lib_a-init.o)
 .bss           0x00000000        0x0 c:/program files/microchip/xc32/v3.01/bin/bin/../../lib/gcc/pic32c/8.3.1/../../../../pic32c/lib/thumb/v7e-m+fp/hard\libg_nano.a(lib_a-init.o)
 .xc_stack_usage
                0x00000000       0x1f c:/program files/microchip/xc32/v3.01/bin/bin/../../lib/gcc/pic32c/8.3.1/../../../../pic32c/lib/thumb/v7e-m+fp/hard\libg_nano.a(lib_a-init.o)
 .xc_stack_usage.hdr
                0x00000000        0xe c:/program files/microchip/xc32/v3.01/bin/bin/../../lib/gcc/pic32c/8.3.1/../../../../pic32c/lib/thumb/v7e-m+fp/hard\libg_nano.a(lib_a-init.o)
 .text          0x00000000        0x0 c:/program files/microchip/xc32/v3.01/bin/bin/../../lib/gcc/pic32c/8.3.1/../../../../pic32c/lib/thumb/v7e-m+fp/hard\libg_nano.a(lib_a-memcpy-stub.o)
 .data          0x00000000        0x0 c:/program files/microchip/xc32/v3.01/bin/bin/../../lib/gcc/pic32c/8.3.1/../../../../pic32c/lib/thumb/v7e-m+fp/hard\libg_nano.a(lib_a-memcpy-stub.o)
 .bss           0x00000000        0x0 c:/program files/microchip/xc32/v3.01/bin/bin/../../lib/gcc/pic32c/8.3.1/../../../../pic32c/lib/thumb/v7e-m+fp/hard\libg_nano.a(lib_a-memcpy-stub.o)
 .xc_stack_usage
                0x00000000       0x14 c:/program files/microchip/xc32/v3.01/bin/bin/../../lib/gcc/pic32c/8.3.1/../../../../pic32c/lib/thumb/v7e-m+fp/hard\libg_nano.a(lib_a-memcpy-stub.o)
 .xc_stack_usage.hdr
                0x00000000        0xe c:/program files/microchip/xc32/v3.01/bin/bin/../../lib/gcc/pic32c/8.3.1/../../../../pic32c/lib/thumb/v7e-m+fp/hard\libg_nano.a(lib_a-memcpy-stub.o)
 .text          0x00000000        0x0 c:/program files/microchip/xc32/v3.01/bin/bin/../../lib/gcc/pic32c/8.3.1/../../../../pic32c/lib/thumb/v7e-m+fp/hard\libg_nano.a(lib_a-memset.o)
 .data          0x00000000        0x0 c:/program files/microchip/xc32/v3.01/bin/bin/../../lib/gcc/pic32c/8.3.1/../../../../pic32c/lib/thumb/v7e-m+fp/hard\libg_nano.a(lib_a-memset.o)
 .bss           0x00000000        0x0 c:/program files/microchip/xc32/v3.01/bin/bin/../../lib/gcc/pic32c/8.3.1/../../../../pic32c/lib/thumb/v7e-m+fp/hard\libg_nano.a(lib_a-memset.o)
 .xc_stack_usage
                0x00000000       0x14 c:/program files/microchip/xc32/v3.01/bin/bin/../../lib/gcc/pic32c/8.3.1/../../../../pic32c/lib/thumb/v7e-m+fp/hard\libg_nano.a(lib_a-memset.o)
 .xc_stack_usage.hdr
                0x00000000        0xe c:/program files/microchip/xc32/v3.01/bin/bin/../../lib/gcc/pic32c/8.3.1/../../../../pic32c/lib/thumb/v7e-m+fp/hard\libg_nano.a(lib_a-memset.o)
 .text          0x00000000        0x0 c:/program files/microchip/xc32/v3.01/bin/bin/../../lib/gcc/pic32c/8.3.1/thumb/v7e-m+fp/hard/crtend.o
 .data          0x00000000        0x0 c:/program files/microchip/xc32/v3.01/bin/bin/../../lib/gcc/pic32c/8.3.1/thumb/v7e-m+fp/hard/crtend.o
 .bss           0x00000000        0x0 c:/program files/microchip/xc32/v3.01/bin/bin/../../lib/gcc/pic32c/8.3.1/thumb/v7e-m+fp/hard/crtend.o
 .eh_frame      0x00000000        0x4 c:/program files/microchip/xc32/v3.01/bin/bin/../../lib/gcc/pic32c/8.3.1/thumb/v7e-m+fp/hard/crtend.o
 .xc_stack_usage.hdr
                0x00000000        0xe c:/program files/microchip/xc32/v3.01/bin/bin/../../lib/gcc/pic32c/8.3.1/thumb/v7e-m+fp/hard/crtend.o
 .comment       0x00000000       0x54 c:/program files/microchip/xc32/v3.01/bin/bin/../../lib/gcc/pic32c/8.3.1/thumb/v7e-m+fp/hard/crtend.o
 .ARM.attributes
                0x00000000       0x32 c:/program files/microchip/xc32/v3.01/bin/bin/../../lib/gcc/pic32c/8.3.1/thumb/v7e-m+fp/hard/crtend.o
 .text          0x00000000        0x0 c:/program files/microchip/xc32/v3.01/bin/bin/../../lib/gcc/pic32c/8.3.1/thumb/v7e-m+fp/hard/crtn.o
 .data          0x00000000        0x0 c:/program files/microchip/xc32/v3.01/bin/bin/../../lib/gcc/pic32c/8.3.1/thumb/v7e-m+fp/hard/crtn.o
 .bss           0x00000000        0x0 c:/program files/microchip/xc32/v3.01/bin/bin/../../lib/gcc/pic32c/8.3.1/thumb/v7e-m+fp/hard/crtn.o
 .xc_stack_usage.hdr
                0x00000000        0xe c:/program files/microchip/xc32/v3.01/bin/bin/../../lib/gcc/pic32c/8.3.1/thumb/v7e-m+fp/hard/crtn.o

Memory Configuration

Name             Origin             Length             Attributes
rom              0x00000000         0x00100000         xrl
ram              0x20000000         0x00040000         xw !r
tcm              0x03000000         0x00000000         xw
config_00804000  0x00804000         0x00000004
config_00804008  0x00804008         0x00000004
config_00804004  0x00804004         0x00000004
*default*        0x00000000         0xffffffff

Linker script and memory map

LOAD c:/program files/microchip/xc32/v3.01/bin/bin/../../lib/gcc/pic32c/8.3.1/thumb/v7e-m+fp/hard/crti.o
LOAD c:/program files/microchip/xc32/v3.01/bin/bin/../../lib/gcc/pic32c/8.3.1/thumb/v7e-m+fp/hard/crtbegin.o
LOAD build/default/debug/_ext/1894469536/MET_can_protocol.o
LOAD build/default/debug/_ext/60163342/plib_adc0.o
LOAD build/default/debug/_ext/60163342/plib_adc1.o
LOAD build/default/debug/_ext/60165182/plib_can0.o
LOAD build/default/debug/_ext/1984496892/plib_clock.o
LOAD build/default/debug/_ext/1865131932/plib_cmcc.o
LOAD build/default/debug/_ext/1986646378/plib_evsys.o
LOAD build/default/debug/_ext/1865468468/plib_nvic.o
LOAD build/default/debug/_ext/1593096446/plib_nvmctrl.o
LOAD build/default/debug/_ext/1865521619/plib_port.o
LOAD build/default/debug/_ext/60180175/plib_rtc_timer.o
LOAD build/default/debug/_ext/829342655/plib_tc0.o
LOAD build/default/debug/_ext/163028504/xc32_monitor.o
LOAD build/default/debug/_ext/1171490990/initialization.o
LOAD build/default/debug/_ext/1171490990/interrupts.o
LOAD build/default/debug/_ext/1171490990/exceptions.o
LOAD build/default/debug/_ext/1171490990/startup_xc32.o
LOAD build/default/debug/_ext/1171490990/libc_syscalls.o
LOAD build/default/debug/_ext/1229855278/filter.o
LOAD build/default/debug/_ext/804795040/power_led.o
LOAD build/default/debug/_ext/1042908558/protocol.o
LOAD build/default/debug/_ext/382305744/xray_tube.o
LOAD build/default/debug/_ext/1360937237/main.o
                0x00000001                __MPLAB_BUILD = 0x1
                0x00100000                __rom_end = (ORIGIN (rom) + LENGTH (rom))
                0x20040000                __ram_end = (ORIGIN (ram) + LENGTH (ram))

.config_00804000
                0x00804000        0x4
 *(.config_00804000)
 .config_00804000
                0x00804000        0x4 build/default/debug/_ext/1171490990/initialization.o
                0x00804000                __config_00804000

.config_00804008
                0x00804008        0x4
 *(.config_00804008)
 .config_00804008
                0x00804008        0x4 build/default/debug/_ext/1171490990/initialization.o
                0x00804008                __config_00804008

.config_00804004
                0x00804004        0x4
 *(.config_00804004)
 .config_00804004
                0x00804004        0x4 build/default/debug/_ext/1171490990/initialization.o
                0x00804004                __config_00804004

.vectors        0x00000000      0x260
                0x00000000                . = ALIGN (0x4)
                0x00000000                _sfixed = .
 *(.vectors .vectors.* .vectors_default .vectors_default.*)
 .vectors       0x00000000      0x260 build/default/debug/_ext/1171490990/interrupts.o
                0x00000000                exception_table
 *(.isr_vector)
 *(.reset*)
 *(.after_vectors)

.text           0x00000260       0x20
                0x00000260                . = ALIGN (0x4)
 *(.glue_7t)
 .glue_7t       0x00000260        0x0 linker stubs
 *(.glue_7)
 .glue_7        0x00000260        0x0 linker stubs
 *(.gnu.linkonce.r.*)
 *(.ARM.extab* .gnu.linkonce.armextab.*)
                0x00000260                . = ALIGN (0x4)
 *(.init)
 .init          0x00000260        0x4 c:/program files/microchip/xc32/v3.01/bin/bin/../../lib/gcc/pic32c/8.3.1/thumb/v7e-m+fp/hard/crti.o
                0x00000260                _init
 .init          0x00000264        0x8 c:/program files/microchip/xc32/v3.01/bin/bin/../../lib/gcc/pic32c/8.3.1/thumb/v7e-m+fp/hard/crtn.o
                0x0000026c                . = ALIGN (0x4)
                0x0000026c                __preinit_array_start = .
 *(.preinit_array)
                0x0000026c                __preinit_array_end = .
                0x0000026c                . = ALIGN (0x4)
                0x0000026c                __init_array_start = .
 *(SORT_BY_NAME(.init_array.*))
 *(.init_array)
 .init_array    0x0000026c        0x4 c:/program files/microchip/xc32/v3.01/bin/bin/../../lib/gcc/pic32c/8.3.1/thumb/v7e-m+fp/hard/crtbegin.o
                0x00000270                __init_array_end = .
                0x00000270                . = ALIGN (0x4)
 *crtbegin.o(.ctors)
 *(EXCLUDE_FILE(*crtend.o) .ctors)
 *(SORT_BY_NAME(.ctors.*))
 *crtend.o(.ctors)
                0x00000270                . = ALIGN (0x4)
 *(.fini)
 .fini          0x00000270        0x4 c:/program files/microchip/xc32/v3.01/bin/bin/../../lib/gcc/pic32c/8.3.1/thumb/v7e-m+fp/hard/crti.o
                0x00000270                _fini
 .fini          0x00000274        0x8 c:/program files/microchip/xc32/v3.01/bin/bin/../../lib/gcc/pic32c/8.3.1/thumb/v7e-m+fp/hard/crtn.o
                0x0000027c                . = ALIGN (0x4)
                0x0000027c                __fini_array_start = .
 *(.fini_array)
 .fini_array    0x0000027c        0x4 c:/program files/microchip/xc32/v3.01/bin/bin/../../lib/gcc/pic32c/8.3.1/thumb/v7e-m+fp/hard/crtbegin.o
 *(SORT_BY_NAME(.fini_array.*))
                0x00000280                __fini_array_end = .
 *crtbegin.o(.dtors)
 *(EXCLUDE_FILE(*crtend.o) .dtors)
 *(SORT_BY_NAME(.dtors.*))
 *crtend.o(.dtors)
                0x00000280                . = ALIGN (0x4)
                0x00000280                _efixed = .
                [!provide]                PROVIDE (__exidx_start = .)

.ARM.exidx
 *(.ARM.exidx* .gnu.linkonce.armexidx.*)
                [!provide]                PROVIDE (__exidx_end = .)
                0x00000280                . = ALIGN (0x4)
                0x00000280                _etext = .

.bss            0x20000000        0x0
                0x20000000                . = ALIGN (0x4)
                0x20000000                __bss_start__ = .
                0x20000000                _sbss = .
                0x20000000                _szero = .
 *(COMMON)
                0x20000000                . = ALIGN (0x4)
                0x20000000                __bss_end__ = .
                0x20000000                _ebss = .
                0x20000000                _ezero = .
                0x20000000                . = ALIGN (0x4)
                0x20000000                _end = .
                0x2003ffff                _ram_end_ = ((ORIGIN (ram) + LENGTH (ram)) - 0x1)
                0x00000001                __ICD2RAM = 0x1
                0x00000001                __MPLAB_DEBUG = 0x1
                0x00000001                __DEBUG = 0x1
                0x00000200                _min_heap_size = 0x200
START GROUP
LOAD c:/program files/microchip/xc32/v3.01/bin/bin/../../lib/gcc/pic32c/8.3.1/../../../../pic32c/lib/thumb/v7e-m+fp/hard\libpic32c.a
LOAD c:/program files/microchip/xc32/v3.01/bin/bin/../../lib/gcc/pic32c/8.3.1/thumb/v7e-m+fp/hard\libgcc.a
LOAD c:/program files/microchip/xc32/v3.01/bin/bin/../../lib/gcc/pic32c/8.3.1/../../../../pic32c/lib/thumb/v7e-m+fp/hard\libg_nano.a
LOAD c:/program files/microchip/xc32/v3.01/bin/bin/../../lib/gcc/pic32c/8.3.1/../../../../pic32c/lib/thumb/v7e-m+fp/hard\libm_nano.a
LOAD c:/program files/microchip/xc32/v3.01/bin/bin/../../lib/gcc/pic32c/8.3.1/../../../../pic32c/lib/thumb/v7e-m+fp/hard\libc_nano.a
END GROUP
LOAD c:/program files/microchip/xc32/v3.01/bin/bin/../../lib/gcc/pic32c/8.3.1/thumb/v7e-m+fp/hard/crtend.o
LOAD c:/program files/microchip/xc32/v3.01/bin/bin/../../lib/gcc/pic32c/8.3.1/thumb/v7e-m+fp/hard/crtn.o
OUTPUT(dist/default/debug/FW315.X.debug.elf elf32-littlearm)
LOAD stack
LOAD data_init

.ARM.attributes
                0x00000000       0x32
 .ARM.attributes
                0x00000000       0x1e c:/program files/microchip/xc32/v3.01/bin/bin/../../lib/gcc/pic32c/8.3.1/thumb/v7e-m+fp/hard/crti.o
 .ARM.attributes
                0x0000001e       0x34 c:/program files/microchip/xc32/v3.01/bin/bin/../../lib/gcc/pic32c/8.3.1/thumb/v7e-m+fp/hard/crtbegin.o
 .ARM.attributes
                0x00000052       0x34 build/default/debug/_ext/1894469536/MET_can_protocol.o
 .ARM.attributes
                0x00000086       0x34 build/default/debug/_ext/60165182/plib_can0.o
 .ARM.attributes
                0x000000ba       0x34 build/default/debug/_ext/1984496892/plib_clock.o
 .ARM.attributes
                0x000000ee       0x34 build/default/debug/_ext/1986646378/plib_evsys.o
 .ARM.attributes
                0x00000122       0x34 build/default/debug/_ext/1865468468/plib_nvic.o
 .ARM.attributes
                0x00000156       0x34 build/default/debug/_ext/1593096446/plib_nvmctrl.o
 .ARM.attributes
                0x0000018a       0x34 build/default/debug/_ext/1865521619/plib_port.o
 .ARM.attributes
                0x000001be       0x34 build/default/debug/_ext/60180175/plib_rtc_timer.o
 .ARM.attributes
                0x000001f2       0x34 build/default/debug/_ext/829342655/plib_tc0.o
 .ARM.attributes
                0x00000226       0x34 build/default/debug/_ext/1171490990/initialization.o
 .ARM.attributes
                0x0000025a       0x34 build/default/debug/_ext/1171490990/interrupts.o
 .ARM.attributes
                0x0000028e       0x34 build/default/debug/_ext/1171490990/exceptions.o
 .ARM.attributes
                0x000002c2       0x34 build/default/debug/_ext/1171490990/startup_xc32.o
 .ARM.attributes
                0x000002f6       0x34 build/default/debug/_ext/1229855278/filter.o
 .ARM.attributes
                0x0000032a       0x34 build/default/debug/_ext/804795040/power_led.o
 .ARM.attributes
                0x0000035e       0x34 build/default/debug/_ext/1042908558/protocol.o
 .ARM.attributes
                0x00000392       0x34 build/default/debug/_ext/382305744/xray_tube.o
 .ARM.attributes
                0x000003c6       0x34 build/default/debug/_ext/1360937237/main.o
 .ARM.attributes
                0x000003fa       0x34 c:/program files/microchip/xc32/v3.01/bin/bin/../../lib/gcc/pic32c/8.3.1/../../../../pic32c/lib/thumb/v7e-m+fp/hard\libpic32c.a(data_init.o)
 .ARM.attributes
                0x0000042e       0x34 c:/program files/microchip/xc32/v3.01/bin/bin/../../lib/gcc/pic32c/8.3.1/../../../../pic32c/lib/thumb/v7e-m+fp/hard\libg_nano.a(lib_a-init.o)
 .ARM.attributes
                0x00000462       0x34 c:/program files/microchip/xc32/v3.01/bin/bin/../../lib/gcc/pic32c/8.3.1/../../../../pic32c/lib/thumb/v7e-m+fp/hard\libg_nano.a(lib_a-memcpy-stub.o)
 .ARM.attributes
                0x00000496       0x34 c:/program files/microchip/xc32/v3.01/bin/bin/../../lib/gcc/pic32c/8.3.1/../../../../pic32c/lib/thumb/v7e-m+fp/hard\libg_nano.a(lib_a-memset.o)
 .ARM.attributes
                0x000004ca       0x1e c:/program files/microchip/xc32/v3.01/bin/bin/../../lib/gcc/pic32c/8.3.1/thumb/v7e-m+fp/hard/crtn.o

.comment        0x00000000       0x53
 .comment       0x00000000       0x53 c:/program files/microchip/xc32/v3.01/bin/bin/../../lib/gcc/pic32c/8.3.1/thumb/v7e-m+fp/hard/crtbegin.o
                                 0x54 (size before relaxing)
 .comment       0x00000053       0x54 build/default/debug/_ext/1894469536/MET_can_protocol.o
 .comment       0x00000053       0x54 build/default/debug/_ext/60165182/plib_can0.o
 .comment       0x00000053       0x54 build/default/debug/_ext/1984496892/plib_clock.o
 .comment       0x00000053       0x54 build/default/debug/_ext/1986646378/plib_evsys.o
 .comment       0x00000053       0x54 build/default/debug/_ext/1865468468/plib_nvic.o
 .comment       0x00000053       0x54 build/default/debug/_ext/1593096446/plib_nvmctrl.o
 .comment       0x00000053       0x54 build/default/debug/_ext/1865521619/plib_port.o
 .comment       0x00000053       0x54 build/default/debug/_ext/60180175/plib_rtc_timer.o
 .comment       0x00000053       0x54 build/default/debug/_ext/829342655/plib_tc0.o
 .comment       0x00000053       0x54 build/default/debug/_ext/1171490990/initialization.o
 .comment       0x00000053       0x54 build/default/debug/_ext/1171490990/interrupts.o
 .comment       0x00000053       0x54 build/default/debug/_ext/1171490990/exceptions.o
 .comment       0x00000053       0x54 build/default/debug/_ext/1171490990/startup_xc32.o
 .comment       0x00000053       0x54 build/default/debug/_ext/1229855278/filter.o
 .comment       0x00000053       0x54 build/default/debug/_ext/804795040/power_led.o
 .comment       0x00000053       0x54 build/default/debug/_ext/1042908558/protocol.o
 .comment       0x00000053       0x54 build/default/debug/_ext/382305744/xray_tube.o
 .comment       0x00000053       0x54 build/default/debug/_ext/1360937237/main.o
 .comment       0x00000053       0x54 c:/program files/microchip/xc32/v3.01/bin/bin/../../lib/gcc/pic32c/8.3.1/../../../../pic32c/lib/thumb/v7e-m+fp/hard\libpic32c.a(data_init.o)
 .comment       0x00000053       0x54 c:/program files/microchip/xc32/v3.01/bin/bin/../../lib/gcc/pic32c/8.3.1/../../../../pic32c/lib/thumb/v7e-m+fp/hard\libg_nano.a(lib_a-init.o)
 .comment       0x00000053       0x54 c:/program files/microchip/xc32/v3.01/bin/bin/../../lib/gcc/pic32c/8.3.1/../../../../pic32c/lib/thumb/v7e-m+fp/hard\libg_nano.a(lib_a-memcpy-stub.o)
 .comment       0x00000053       0x54 c:/program files/microchip/xc32/v3.01/bin/bin/../../lib/gcc/pic32c/8.3.1/../../../../pic32c/lib/thumb/v7e-m+fp/hard\libg_nano.a(lib_a-memset.o)

.debug_info     0x00000000    0x16e75
 .debug_info    0x00000000     0x24c8 build/default/debug/_ext/1894469536/MET_can_protocol.o
 .debug_info    0x000024c8     0x28ac build/default/debug/_ext/60165182/plib_can0.o
 .debug_info    0x00004d74      0xc63 build/default/debug/_ext/1984496892/plib_clock.o
 .debug_info    0x000059d7      0x391 build/default/debug/_ext/1986646378/plib_evsys.o
 .debug_info    0x00005d68     0x140f build/default/debug/_ext/1865468468/plib_nvic.o
 .debug_info    0x00007177     0x1897 build/default/debug/_ext/1593096446/plib_nvmctrl.o
 .debug_info    0x00008a0e      0xe60 build/default/debug/_ext/1865521619/plib_port.o
 .debug_info    0x0000986e     0x1c54 build/default/debug/_ext/60180175/plib_rtc_timer.o
 .debug_info    0x0000b4c2      0xcd7 build/default/debug/_ext/829342655/plib_tc0.o
 .debug_info    0x0000c199      0xff1 build/default/debug/_ext/1171490990/initialization.o
 .debug_info    0x0000d18a     0x228d build/default/debug/_ext/1171490990/interrupts.o
 .debug_info    0x0000f417      0xfe5 build/default/debug/_ext/1171490990/exceptions.o
 .debug_info    0x000103fc      0x99a build/default/debug/_ext/1171490990/startup_xc32.o
 .debug_info    0x00010d96     0x12d7 build/default/debug/_ext/1229855278/filter.o
 .debug_info    0x0001206d     0x119a build/default/debug/_ext/804795040/power_led.o
 .debug_info    0x00013207     0x14c9 build/default/debug/_ext/1042908558/protocol.o
 .debug_info    0x000146d0     0x1192 build/default/debug/_ext/382305744/xray_tube.o
 .debug_info    0x00015862     0x1346 build/default/debug/_ext/1360937237/main.o
 .debug_info    0x00016ba8      0x2cd c:/program files/microchip/xc32/v3.01/bin/bin/../../lib/gcc/pic32c/8.3.1/../../../../pic32c/lib/thumb/v7e-m+fp/hard\libpic32c.a(data_init.o)

.debug_abbrev   0x00000000     0x2761
 .debug_abbrev  0x00000000      0x3d9 build/default/debug/_ext/1894469536/MET_can_protocol.o
 .debug_abbrev  0x000003d9      0x45e build/default/debug/_ext/60165182/plib_can0.o
 .debug_abbrev  0x00000837      0x135 build/default/debug/_ext/1984496892/plib_clock.o
 .debug_abbrev  0x0000096c       0x64 build/default/debug/_ext/1986646378/plib_evsys.o
 .debug_abbrev  0x000009d0      0x217 build/default/debug/_ext/1865468468/plib_nvic.o
 .debug_abbrev  0x00000be7      0x30a build/default/debug/_ext/1593096446/plib_nvmctrl.o
 .debug_abbrev  0x00000ef1      0x1e9 build/default/debug/_ext/1865521619/plib_port.o
 .debug_abbrev  0x000010da      0x2b4 build/default/debug/_ext/60180175/plib_rtc_timer.o
 .debug_abbrev  0x0000138e      0x1ae build/default/debug/_ext/829342655/plib_tc0.o
 .debug_abbrev  0x0000153c      0x1f2 build/default/debug/_ext/1171490990/initialization.o
 .debug_abbrev  0x0000172e      0x1cc build/default/debug/_ext/1171490990/interrupts.o
 .debug_abbrev  0x000018fa      0x1ac build/default/debug/_ext/1171490990/exceptions.o
 .debug_abbrev  0x00001aa6      0x209 build/default/debug/_ext/1171490990/startup_xc32.o
 .debug_abbrev  0x00001caf      0x26e build/default/debug/_ext/1229855278/filter.o
 .debug_abbrev  0x00001f1d      0x1b8 build/default/debug/_ext/804795040/power_led.o
 .debug_abbrev  0x000020d5      0x263 build/default/debug/_ext/1042908558/protocol.o
 .debug_abbrev  0x00002338      0x1b8 build/default/debug/_ext/382305744/xray_tube.o
 .debug_abbrev  0x000024f0      0x243 build/default/debug/_ext/1360937237/main.o
 .debug_abbrev  0x00002733       0x2e c:/program files/microchip/xc32/v3.01/bin/bin/../../lib/gcc/pic32c/8.3.1/../../../../pic32c/lib/thumb/v7e-m+fp/hard\libpic32c.a(data_init.o)

.debug_loc      0x00000000     0x1d78
 .debug_loc     0x00000000      0x84e build/default/debug/_ext/1894469536/MET_can_protocol.o
 .debug_loc     0x0000084e      0x99a build/default/debug/_ext/60165182/plib_can0.o
 .debug_loc     0x000011e8       0xf9 build/default/debug/_ext/1865468468/plib_nvic.o
 .debug_loc     0x000012e1      0x4bf build/default/debug/_ext/1593096446/plib_nvmctrl.o
 .debug_loc     0x000017a0      0x1bc build/default/debug/_ext/1865521619/plib_port.o
 .debug_loc     0x0000195c       0xb4 build/default/debug/_ext/60180175/plib_rtc_timer.o
 .debug_loc     0x00001a10      0x141 build/default/debug/_ext/829342655/plib_tc0.o
 .debug_loc     0x00001b51       0x45 build/default/debug/_ext/1171490990/initialization.o
 .debug_loc     0x00001b96       0x60 build/default/debug/_ext/1171490990/startup_xc32.o
 .debug_loc     0x00001bf6       0x42 build/default/debug/_ext/1229855278/filter.o
 .debug_loc     0x00001c38      0x10c build/default/debug/_ext/1042908558/protocol.o
 .debug_loc     0x00001d44       0x20 build/default/debug/_ext/1360937237/main.o
 .debug_loc     0x00001d64       0x14 c:/program files/microchip/xc32/v3.01/bin/bin/../../lib/gcc/pic32c/8.3.1/../../../../pic32c/lib/thumb/v7e-m+fp/hard\libpic32c.a(data_init.o)

.debug_aranges  0x00000000      0x5c0
 .debug_aranges
                0x00000000       0xb0 build/default/debug/_ext/1894469536/MET_can_protocol.o
 .debug_aranges
                0x000000b0       0xa0 build/default/debug/_ext/60165182/plib_can0.o
 .debug_aranges
                0x00000150       0x20 build/default/debug/_ext/1984496892/plib_clock.o
 .debug_aranges
                0x00000170       0x20 build/default/debug/_ext/1986646378/plib_evsys.o
 .debug_aranges
                0x00000190       0x38 build/default/debug/_ext/1865468468/plib_nvic.o
 .debug_aranges
                0x000001c8       0xb0 build/default/debug/_ext/1593096446/plib_nvmctrl.o
 .debug_aranges
                0x00000278       0x70 build/default/debug/_ext/1865521619/plib_port.o
 .debug_aranges
                0x000002e8       0xa0 build/default/debug/_ext/60180175/plib_rtc_timer.o
 .debug_aranges
                0x00000388       0x78 build/default/debug/_ext/829342655/plib_tc0.o
 .debug_aranges
                0x00000400       0x20 build/default/debug/_ext/1171490990/initialization.o
 .debug_aranges
                0x00000420       0x20 build/default/debug/_ext/1171490990/interrupts.o
 .debug_aranges
                0x00000440       0x48 build/default/debug/_ext/1171490990/exceptions.o
 .debug_aranges
                0x00000488       0x28 build/default/debug/_ext/1171490990/startup_xc32.o
 .debug_aranges
                0x000004b0       0x40 build/default/debug/_ext/1229855278/filter.o
 .debug_aranges
                0x000004f0       0x28 build/default/debug/_ext/804795040/power_led.o
 .debug_aranges
                0x00000518       0x38 build/default/debug/_ext/1042908558/protocol.o
 .debug_aranges
                0x00000550       0x28 build/default/debug/_ext/382305744/xray_tube.o
 .debug_aranges
                0x00000578       0x28 build/default/debug/_ext/1360937237/main.o
 .debug_aranges
                0x000005a0       0x20 c:/program files/microchip/xc32/v3.01/bin/bin/../../lib/gcc/pic32c/8.3.1/../../../../pic32c/lib/thumb/v7e-m+fp/hard\libpic32c.a(data_init.o)

.debug_ranges   0x00000000      0x490
 .debug_ranges  0x00000000       0xa0 build/default/debug/_ext/1894469536/MET_can_protocol.o
 .debug_ranges  0x000000a0       0x90 build/default/debug/_ext/60165182/plib_can0.o
 .debug_ranges  0x00000130       0x10 build/default/debug/_ext/1984496892/plib_clock.o
 .debug_ranges  0x00000140       0x10 build/default/debug/_ext/1986646378/plib_evsys.o
 .debug_ranges  0x00000150       0x28 build/default/debug/_ext/1865468468/plib_nvic.o
 .debug_ranges  0x00000178       0xa0 build/default/debug/_ext/1593096446/plib_nvmctrl.o
 .debug_ranges  0x00000218       0x60 build/default/debug/_ext/1865521619/plib_port.o
 .debug_ranges  0x00000278       0x90 build/default/debug/_ext/60180175/plib_rtc_timer.o
 .debug_ranges  0x00000308       0x68 build/default/debug/_ext/829342655/plib_tc0.o
 .debug_ranges  0x00000370       0x10 build/default/debug/_ext/1171490990/initialization.o
 .debug_ranges  0x00000380       0x10 build/default/debug/_ext/1171490990/interrupts.o
 .debug_ranges  0x00000390       0x38 build/default/debug/_ext/1171490990/exceptions.o
 .debug_ranges  0x000003c8       0x18 build/default/debug/_ext/1171490990/startup_xc32.o
 .debug_ranges  0x000003e0       0x30 build/default/debug/_ext/1229855278/filter.o
 .debug_ranges  0x00000410       0x18 build/default/debug/_ext/804795040/power_led.o
 .debug_ranges  0x00000428       0x28 build/default/debug/_ext/1042908558/protocol.o
 .debug_ranges  0x00000450       0x18 build/default/debug/_ext/382305744/xray_tube.o
 .debug_ranges  0x00000468       0x18 build/default/debug/_ext/1360937237/main.o
 .debug_ranges  0x00000480       0x10 c:/program files/microchip/xc32/v3.01/bin/bin/../../lib/gcc/pic32c/8.3.1/../../../../pic32c/lib/thumb/v7e-m+fp/hard\libpic32c.a(data_init.o)

.debug_line     0x00000000     0x42ce
 .debug_line    0x00000000      0xa0b build/default/debug/_ext/1894469536/MET_can_protocol.o
 .debug_line    0x00000a0b      0x8d9 build/default/debug/_ext/60165182/plib_can0.o
 .debug_line    0x000012e4      0x34e build/default/debug/_ext/1984496892/plib_clock.o
 .debug_line    0x00001632      0x131 build/default/debug/_ext/1986646378/plib_evsys.o
 .debug_line    0x00001763      0x341 build/default/debug/_ext/1865468468/plib_nvic.o
 .debug_line    0x00001aa4      0x51e build/default/debug/_ext/1593096446/plib_nvmctrl.o
 .debug_line    0x00001fc2      0x36f build/default/debug/_ext/1865521619/plib_port.o
 .debug_line    0x00002331      0x4ce build/default/debug/_ext/60180175/plib_rtc_timer.o
 .debug_line    0x000027ff      0x3b7 build/default/debug/_ext/829342655/plib_tc0.o
 .debug_line    0x00002bb6      0x351 build/default/debug/_ext/1171490990/initialization.o
 .debug_line    0x00002f07      0x1a9 build/default/debug/_ext/1171490990/interrupts.o
 .debug_line    0x000030b0      0x207 build/default/debug/_ext/1171490990/exceptions.o
 .debug_line    0x000032b7      0x2b7 build/default/debug/_ext/1171490990/startup_xc32.o
 .debug_line    0x0000356e      0x2f5 build/default/debug/_ext/1229855278/filter.o
 .debug_line    0x00003863      0x1d3 build/default/debug/_ext/804795040/power_led.o
 .debug_line    0x00003a36      0x225 build/default/debug/_ext/1042908558/protocol.o
 .debug_line    0x00003c5b      0x1d3 build/default/debug/_ext/382305744/xray_tube.o
 .debug_line    0x00003e2e      0x390 build/default/debug/_ext/1360937237/main.o
 .debug_line    0x000041be      0x110 c:/program files/microchip/xc32/v3.01/bin/bin/../../lib/gcc/pic32c/8.3.1/../../../../pic32c/lib/thumb/v7e-m+fp/hard\libpic32c.a(data_init.o)

.debug_str      0x00000000      0x5d8
 .debug_str     0x00000000       0x9c build/default/debug/_ext/1894469536/MET_can_protocol.o
 .debug_str     0x0000009c       0x96 build/default/debug/_ext/60165182/plib_can0.o
 .debug_str     0x00000132       0x1e build/default/debug/_ext/1984496892/plib_clock.o
 .debug_str     0x00000150        0x0 build/default/debug/_ext/1986646378/plib_evsys.o
 .debug_str     0x00000150        0xa build/default/debug/_ext/1865468468/plib_nvic.o
 .debug_str     0x0000015a       0x29 build/default/debug/_ext/1593096446/plib_nvmctrl.o
 .debug_str     0x00000183        0xb build/default/debug/_ext/1865521619/plib_port.o
 .debug_str     0x0000018e      0x123 build/default/debug/_ext/60180175/plib_rtc_timer.o
 .debug_str     0x000002b1       0xc6 build/default/debug/_ext/829342655/plib_tc0.o
 .debug_str     0x00000377       0x98 build/default/debug/_ext/1171490990/initialization.o
 .debug_str     0x0000040f        0xe build/default/debug/_ext/1171490990/interrupts.o
 .debug_str     0x0000041d        0xe build/default/debug/_ext/1171490990/exceptions.o
 .debug_str     0x0000042b       0x2f build/default/debug/_ext/1171490990/startup_xc32.o
 .debug_str     0x0000045a        0xe build/default/debug/_ext/1229855278/filter.o
 .debug_str     0x00000468        0xe build/default/debug/_ext/804795040/power_led.o
 .debug_str     0x00000476       0x83 build/default/debug/_ext/1042908558/protocol.o
 .debug_str     0x000004f9        0xe build/default/debug/_ext/382305744/xray_tube.o
 .debug_str     0x00000507       0xd1 build/default/debug/_ext/1360937237/main.o
 .debug_str     0x000005d8        0x0 c:/program files/microchip/xc32/v3.01/bin/bin/../../lib/gcc/pic32c/8.3.1/../../../../pic32c/lib/thumb/v7e-m+fp/hard\libpic32c.a(data_init.o)

.debug_frame    0x00000000      0xa8c
 .debug_frame   0x00000000      0x1a8 build/default/debug/_ext/1894469536/MET_can_protocol.o
 .debug_frame   0x000001a8      0x190 build/default/debug/_ext/60165182/plib_can0.o
 .debug_frame   0x00000338       0x20 build/default/debug/_ext/1984496892/plib_clock.o
 .debug_frame   0x00000358       0x20 build/default/debug/_ext/1986646378/plib_evsys.o
 .debug_frame   0x00000378       0x50 build/default/debug/_ext/1865468468/plib_nvic.o
 .debug_frame   0x000003c8      0x170 build/default/debug/_ext/1593096446/plib_nvmctrl.o
 .debug_frame   0x00000538       0xcc build/default/debug/_ext/1865521619/plib_port.o
 .debug_frame   0x00000604      0x128 build/default/debug/_ext/60180175/plib_rtc_timer.o
 .debug_frame   0x0000072c       0xd0 build/default/debug/_ext/829342655/plib_tc0.o
 .debug_frame   0x000007fc       0x28 build/default/debug/_ext/1171490990/initialization.o
 .debug_frame   0x00000824       0x20 build/default/debug/_ext/1171490990/interrupts.o
 .debug_frame   0x00000844       0x70 build/default/debug/_ext/1171490990/exceptions.o
 .debug_frame   0x000008b4       0x38 build/default/debug/_ext/1171490990/startup_xc32.o
 .debug_frame   0x000008ec       0x60 build/default/debug/_ext/1229855278/filter.o
 .debug_frame   0x0000094c       0x30 build/default/debug/_ext/804795040/power_led.o
 .debug_frame   0x0000097c       0x70 build/default/debug/_ext/1042908558/protocol.o
 .debug_frame   0x000009ec       0x30 build/default/debug/_ext/382305744/xray_tube.o
 .debug_frame   0x00000a1c       0x38 build/default/debug/_ext/1360937237/main.o
 .debug_frame   0x00000a54       0x38 c:/program files/microchip/xc32/v3.01/bin/bin/../../lib/gcc/pic32c/8.3.1/../../../../pic32c/lib/thumb/v7e-m+fp/hard\libpic32c.a(data_init.o)

.stack          0x20000368      0x100
 .stack         0x20000368      0x100 stack

.bss.MET_Protocol_Data_Struct%1
                0x20000000       0x58
 .bss.MET_Protocol_Data_Struct
                0x20000000       0x58 build/default/debug/_ext/1894469536/MET_can_protocol.o

.bss.Can0MessageRAM%2
                0x20000060       0x2c
 .bss.Can0MessageRAM
                0x20000060       0x2c build/default/debug/_ext/1894469536/MET_can_protocol.o
                0x20000060                Can0MessageRAM

.bss.can0Obj%3  0x2000008c       0x28
 .bss.can0Obj   0x2000008c       0x28 build/default/debug/_ext/60165182/plib_can0.o

.bss.can0RxMsg%4
                0x200000b4       0x28
 .bss.can0RxMsg
                0x200000b4       0x28 build/default/debug/_ext/60165182/plib_can0.o

.bss.MET_Can_Protocol_RxTx_Struct%5
                0x200000dc       0x20
 .bss.MET_Can_Protocol_RxTx_Struct
                0x200000dc       0x20 build/default/debug/_ext/1894469536/MET_can_protocol.o

.bss.can0CallbackObj%6
                0x200000fc       0x20
 .bss.can0CallbackObj
                0x200000fc       0x20 build/default/debug/_ext/60165182/plib_can0.o

.bss%7          0x2000011c       0x1c
 .bss           0x2000011c       0x1c c:/program files/microchip/xc32/v3.01/bin/bin/../../lib/gcc/pic32c/8.3.1/thumb/v7e-m+fp/hard/crtbegin.o

.bss.rtcObj%8   0x20000138        0xc
 .bss.rtcObj    0x20000138        0xc build/default/debug/_ext/60180175/plib_rtc_timer.o

.data.SmartEEPROM32%9
                0x20000058        0x4
 .data.SmartEEPROM32
                0x20000058        0x4 build/default/debug/_ext/1894469536/MET_can_protocol.o
                0x20000058                SmartEEPROM32

.bss%10         0x2000005c        0x4
 .bss           0x2000005c        0x4 c:/program files/microchip/xc32/v3.01/bin/bin/../../lib/gcc/pic32c/8.3.1/../../../../pic32c/lib/thumb/v7e-m+fp/hard\libpic32c.a(data_init.o)

.bss.lastSequence.9001%11
                0x20000144        0x1
 .bss.lastSequence.9001
                0x20000144        0x1 build/default/debug/_ext/1894469536/MET_can_protocol.o

.bss.msgFrameAttr0%12
                0x20000145        0x1
 .bss.msgFrameAttr0
                0x20000145        0x1 build/default/debug/_ext/1894469536/MET_can_protocol.o
                0x20000145                msgFrameAttr0

.bss.rxErrorTrigger%13
                0x20000146        0x1
 .bss.rxErrorTrigger
                0x20000146        0x1 build/default/debug/_ext/1894469536/MET_can_protocol.o

.bss.rxReceptionTrigger%14
                0x20000147        0x1
 .bss.rxReceptionTrigger
                0x20000147        0x1 build/default/debug/_ext/1894469536/MET_can_protocol.o

.bss.messageMarker.8457%15
                0x20000148        0x1
 .bss.messageMarker.8457
                0x20000148        0x1 build/default/debug/_ext/60165182/plib_can0.o

.bss.stat.8921%16
                0x20000149        0x1
 .bss.stat.8921
                0x20000149        0x1 build/default/debug/_ext/1229855278/filter.o

.bss.step.8922%17
                0x2000014a        0x1
 .bss.step.8922
                0x2000014a        0x1 build/default/debug/_ext/1229855278/filter.o

.bss.trigger_time%18
                0x2000014b        0x1
 .bss.trigger_time
                0x2000014b        0x1 build/default/debug/_ext/1360937237/main.o

.eh_frame%z1    0x00000000        0x0
 .eh_frame      0x00000000        0x0 c:/program files/microchip/xc32/v3.01/bin/bin/../../lib/gcc/pic32c/8.3.1/thumb/v7e-m+fp/hard/crtbegin.o

.text.MET_Can_Protocol_Loop%19
                0x00000280      0x2b8
 .text.MET_Can_Protocol_Loop
                0x00000280      0x2b8 build/default/debug/_ext/1894469536/MET_can_protocol.o
                0x00000280                MET_Can_Protocol_Loop

.text.CAN0_InterruptHandler%20
                0x00000538      0x180
 .text.CAN0_InterruptHandler
                0x00000538      0x180 build/default/debug/_ext/60165182/plib_can0.o
                0x00000538                CAN0_InterruptHandler

.text.CLOCK_Initialize%21
                0x000006b8      0x120
 .text.CLOCK_Initialize
                0x000006b8      0x120 build/default/debug/_ext/1984496892/plib_clock.o
                0x000006b8                CLOCK_Initialize

.dinit%22       0x000007d8       0xf0
 .dinit         0x000007d8       0xf0 data_init

.text.ApplicationProtocolInit%23
                0x000008c8       0xbc
 .text.ApplicationProtocolInit
                0x000008c8       0xbc build/default/debug/_ext/1042908558/protocol.o
                0x000008c8                ApplicationProtocolInit

.text.MET_Can_Protocol_Init%24
                0x00000984       0xb0
 .text.MET_Can_Protocol_Init
                0x00000984       0xb0 build/default/debug/_ext/1894469536/MET_can_protocol.o
                0x00000984                MET_Can_Protocol_Init

.text.CAN0_MessageTransmit%25
                0x00000a34       0xac
 .text.CAN0_MessageTransmit
                0x00000a34       0xac build/default/debug/_ext/60165182/plib_can0.o
                0x00000a34                CAN0_MessageTransmit

.text.FilterTest%26
                0x00000ae0       0xa8
 .text.FilterTest
                0x00000ae0       0xa8 build/default/debug/_ext/1229855278/filter.o
                0x00000ae0                FilterTest

.text.CAN0_MessageRAMConfigSet%27
                0x00000b88       0x94
 .text.CAN0_MessageRAMConfigSet
                0x00000b88       0x94 build/default/debug/_ext/60165182/plib_can0.o
                0x00000b88                CAN0_MessageRAMConfigSet

.text.Reset_Handler%28
                0x00000c1c       0x94
 .text.Reset_Handler
                0x00000c1c       0x94 build/default/debug/_ext/1171490990/startup_xc32.o
                0x00000c1c                Reset_Handler

.text.CAN0_Initialize%29
                0x00000cb0       0x88
 .text.CAN0_Initialize
                0x00000cb0       0x88 build/default/debug/_ext/60165182/plib_can0.o
                0x00000cb0                CAN0_Initialize

.text.__pic32c_data_initialization%30
                0x00000d38       0x88
 .text.__pic32c_data_initialization
                0x00000d38       0x88 c:/program files/microchip/xc32/v3.01/bin/bin/../../lib/gcc/pic32c/8.3.1/../../../../pic32c/lib/thumb/v7e-m+fp/hard\libpic32c.a(data_init.o)
                0x00000d38                __pic32c_data_initialization

.text.main%31   0x00000dc0       0x7c
 .text.main     0x00000dc0       0x7c build/default/debug/_ext/1360937237/main.o
                0x00000dc0                main

.text.PORT_Initialize%32
                0x00000e3c       0x64
 .text.PORT_Initialize
                0x00000e3c       0x64 build/default/debug/_ext/1865521619/plib_port.o
                0x00000e3c                PORT_Initialize

.text.CAN0_MessageReceive%33
                0x00000ea0       0x4c
 .text.CAN0_MessageReceive
                0x00000ea0       0x4c build/default/debug/_ext/60165182/plib_can0.o
                0x00000ea0                CAN0_MessageReceive

.text.__libc_init_array%34
                0x00000eec       0x48
 .text.__libc_init_array
                0x00000eec       0x48 c:/program files/microchip/xc32/v3.01/bin/bin/../../lib/gcc/pic32c/8.3.1/../../../../pic32c/lib/thumb/v7e-m+fp/hard\libg_nano.a(lib_a-init.o)
                0x00000eec                __libc_init_array

.text.MET_Can_Protocol_SetDefaultParameter%35
                0x00000f34       0x44
 .text.MET_Can_Protocol_SetDefaultParameter
                0x00000f34       0x44 build/default/debug/_ext/1894469536/MET_can_protocol.o
                0x00000f34                MET_Can_Protocol_SetDefaultParameter

.text.RTC_Initialize%36
                0x00000f78       0x44
 .text.RTC_Initialize
                0x00000f78       0x44 build/default/debug/_ext/60180175/plib_rtc_timer.o
                0x00000f78                RTC_Initialize

.text%37        0x00000fbc       0x40
 .text          0x00000fbc       0x40 c:/program files/microchip/xc32/v3.01/bin/bin/../../lib/gcc/pic32c/8.3.1/thumb/v7e-m+fp/hard/crtbegin.o

.text.CAN0_ErrorGet%38
                0x00000ffc       0x40
 .text.CAN0_ErrorGet
                0x00000ffc       0x40 build/default/debug/_ext/60165182/plib_can0.o
                0x00000ffc                CAN0_ErrorGet

.text.NVIC_Initialize%39
                0x0000103c       0x40
 .text.NVIC_Initialize
                0x0000103c       0x40 build/default/debug/_ext/1865468468/plib_nvic.o
                0x0000103c                NVIC_Initialize

.text.MET_Can_Protocol_Reception_Trigger%40
                0x0000107c       0x38
 .text.MET_Can_Protocol_Reception_Trigger
                0x0000107c       0x38 build/default/debug/_ext/1894469536/MET_can_protocol.o

.text.rtcEventHandler%41
                0x000010b4       0x38
 .text.rtcEventHandler
                0x000010b4       0x38 build/default/debug/_ext/1360937237/main.o

.text.TC0_CompareInitialize%42
                0x000010ec       0x30
 .text.TC0_CompareInitialize
                0x000010ec       0x30 build/default/debug/_ext/829342655/plib_tc0.o
                0x000010ec                TC0_CompareInitialize

.text.MET_Can_Protocol_Reception_Callback%43
                0x0000111c       0x28
 .text.MET_Can_Protocol_Reception_Callback
                0x0000111c       0x28 build/default/debug/_ext/1894469536/MET_can_protocol.o

.text.RTC_InterruptHandler%44
                0x00001144       0x28
 .text.RTC_InterruptHandler
                0x00001144       0x28 build/default/debug/_ext/60180175/plib_rtc_timer.o
                0x00001144                RTC_InterruptHandler

.text.SYS_Initialize%45
                0x0000116c       0x24
 .text.SYS_Initialize
                0x0000116c       0x24 build/default/debug/_ext/1171490990/initialization.o
                0x0000116c                SYS_Initialize

.text.FilterInit%46
                0x00001190       0x20
 .text.FilterInit
                0x00001190       0x20 build/default/debug/_ext/1229855278/filter.o
                0x00001190                FilterInit

.text.CAN0_RxCallbackRegister%47
                0x000011b0       0x1c
 .text.CAN0_RxCallbackRegister
                0x000011b0       0x1c build/default/debug/_ext/60165182/plib_can0.o
                0x000011b0                CAN0_RxCallbackRegister

.text.memcpy%48
                0x000011cc       0x1c
 .text.memcpy   0x000011cc       0x1c c:/program files/microchip/xc32/v3.01/bin/bin/../../lib/gcc/pic32c/8.3.1/../../../../pic32c/lib/thumb/v7e-m+fp/hard\libg_nano.a(lib_a-memcpy-stub.o)
                0x000011cc                memcpy

.text.RTC_Timer32Start%49
                0x000011e8       0x18
 .text.RTC_Timer32Start
                0x000011e8       0x18 build/default/debug/_ext/60180175/plib_rtc_timer.o
                0x000011e8                RTC_Timer32Start

.text.TC0_CompareStart%50
                0x00001200       0x18
 .text.TC0_CompareStart
                0x00001200       0x18 build/default/debug/_ext/829342655/plib_tc0.o
                0x00001200                TC0_CompareStart

.text.MET_Can_Protocol_returnCommandError%51
                0x00001218       0x10
 .text.MET_Can_Protocol_returnCommandError
                0x00001218       0x10 build/default/debug/_ext/1894469536/MET_can_protocol.o
                0x00001218                MET_Can_Protocol_returnCommandError

.rodata%52      0x00001228       0x10
 .rodata        0x00001228       0x10 build/default/debug/_ext/60165182/plib_can0.o

.text.NVMCTRL_Initialize%53
                0x00001238       0x10
 .text.NVMCTRL_Initialize
                0x00001238       0x10 build/default/debug/_ext/1593096446/plib_nvmctrl.o
                0x00001238                NVMCTRL_Initialize

.text.NVMCTRL_SmartEEPROM_IsBusy%54
                0x00001248       0x10
 .text.NVMCTRL_SmartEEPROM_IsBusy
                0x00001248       0x10 build/default/debug/_ext/1593096446/plib_nvmctrl.o
                0x00001248                NVMCTRL_SmartEEPROM_IsBusy

.text.PowerLedInit%55
                0x00001258       0x10
 .text.PowerLedInit
                0x00001258       0x10 build/default/debug/_ext/804795040/power_led.o
                0x00001258                PowerLedInit

.text.XrayInit%56
                0x00001268       0x10
 .text.XrayInit
                0x00001268       0x10 build/default/debug/_ext/382305744/xray_tube.o
                0x00001268                XrayInit

.text.memset%57
                0x00001278       0x10
 .text.memset   0x00001278       0x10 c:/program files/microchip/xc32/v3.01/bin/bin/../../lib/gcc/pic32c/8.3.1/../../../../pic32c/lib/thumb/v7e-m+fp/hard\libg_nano.a(lib_a-memset.o)
                0x00001278                memset

.text.ApplicationProtocolCommandHandler%58
                0x00001288        0xe
 .text.ApplicationProtocolCommandHandler
                0x00001288        0xe build/default/debug/_ext/1042908558/protocol.o

.text.RTC_Timer32CallbackRegister%59
                0x00001298        0xc
 .text.RTC_Timer32CallbackRegister
                0x00001298        0xc build/default/debug/_ext/60180175/plib_rtc_timer.o
                0x00001298                RTC_Timer32CallbackRegister

.text.ApplicationProtocolLoop%60
                0x000012a4        0x8
 .text.ApplicationProtocolLoop
                0x000012a4        0x8 build/default/debug/_ext/1042908558/protocol.o
                0x000012a4                ApplicationProtocolLoop

.text.Dummy_Handler%61
                0x000012ac        0x4
 .text.Dummy_Handler
                0x000012ac        0x4 build/default/debug/_ext/1171490990/interrupts.o
                0x000012ac                EIC_EXTINT_9_Handler
                0x000012ac                TCC0_MC5_Handler
                0x000012ac                SVCall_Handler
                0x000012ac                SERCOM0_2_Handler
                0x000012ac                USB_SOF_HSOF_Handler
                0x000012ac                TCC4_OTHER_Handler
                0x000012ac                TCC2_MC2_Handler
                0x000012ac                EVSYS_0_Handler
                0x000012ac                TRNG_Handler
                0x000012ac                TC2_Handler
                0x000012ac                USB_TRCPT0_Handler
                0x000012ac                DAC_OTHER_Handler
                0x000012ac                AC_Handler
                0x000012ac                DAC_EMPTY_0_Handler
                0x000012ac                DMAC_OTHER_Handler
                0x000012ac                EIC_EXTINT_5_Handler
                0x000012ac                SERCOM3_1_Handler
                0x000012ac                SysTick_Handler
                0x000012ac                SERCOM4_OTHER_Handler
                0x000012ac                SERCOM3_2_Handler
                0x000012ac                EIC_EXTINT_6_Handler
                0x000012ac                PendSV_Handler
                0x000012ac                TCC4_MC0_Handler
                0x000012ac                EVSYS_3_Handler
                0x000012ac                QSPI_Handler
                0x000012ac                TCC2_MC0_Handler
                0x000012ac                PDEC_OTHER_Handler
                0x000012ac                TCC3_MC0_Handler
                0x000012ac                PDEC_MC1_Handler
                0x000012ac                TCC2_MC1_Handler
                0x000012ac                OSCCTRL_XOSC1_Handler
                0x000012ac                PDEC_MC0_Handler
                0x000012ac                EIC_EXTINT_4_Handler
                0x000012ac                EIC_EXTINT_7_Handler
                0x000012ac                SERCOM0_OTHER_Handler
                0x000012ac                EVSYS_OTHER_Handler
                0x000012ac                SERCOM0_0_Handler
                0x000012ac                SERCOM4_0_Handler
                0x000012ac                TCC1_MC0_Handler
                0x000012ac                SERCOM1_OTHER_Handler
                0x000012ac                TCC2_OTHER_Handler
                0x000012ac                EIC_EXTINT_11_Handler
                0x000012ac                SUPC_BODDET_Handler
                0x000012ac                EIC_EXTINT_14_Handler
                0x000012ac                OSC32KCTRL_Handler
                0x000012ac                EVSYS_1_Handler
                0x000012ac                TCC4_MC1_Handler
                0x000012ac                DMAC_0_Handler
                0x000012ac                SUPC_OTHER_Handler
                0x000012ac                WDT_Handler
                0x000012ac                EIC_EXTINT_15_Handler
                0x000012ac                EIC_EXTINT_1_Handler
                0x000012ac                TCC3_MC1_Handler
                0x000012ac                SERCOM5_0_Handler
                0x000012ac                TC4_Handler
                0x000012ac                TC1_Handler
                0x000012ac                TCC1_MC1_Handler
                0x000012ac                EIC_EXTINT_0_Handler
                0x000012ac                TCC1_OTHER_Handler
                0x000012ac                PAC_Handler
                0x000012ac                SERCOM4_1_Handler
                0x000012ac                TC3_Handler
                0x000012ac                Dummy_Handler
                0x000012ac                DAC_RESRDY_0_Handler
                0x000012ac                SERCOM5_1_Handler
                0x000012ac                DMAC_2_Handler
                0x000012ac                TCC0_MC4_Handler
                0x000012ac                USB_TRCPT1_Handler
                0x000012ac                SERCOM0_1_Handler
                0x000012ac                TCC0_MC3_Handler
                0x000012ac                EIC_EXTINT_12_Handler
                0x000012ac                OSCCTRL_DPLL0_Handler
                0x000012ac                SERCOM5_OTHER_Handler
                0x000012ac                PM_Handler
                0x000012ac                OSCCTRL_DFLL_Handler
                0x000012ac                DAC_RESRDY_1_Handler
                0x000012ac                DMAC_1_Handler
                0x000012ac                USB_OTHER_Handler
                0x000012ac                CAN1_Handler
                0x000012ac                TCC0_OTHER_Handler
                0x000012ac                EIC_EXTINT_10_Handler
                0x000012ac                TCC1_MC3_Handler
                0x000012ac                OSCCTRL_XOSC0_Handler
                0x000012ac                TCC0_MC0_Handler
                0x000012ac                EIC_EXTINT_2_Handler
                0x000012ac                SDHC0_Handler
                0x000012ac                SERCOM1_1_Handler
                0x000012ac                I2S_Handler
                0x000012ac                PCC_Handler
                0x000012ac                TCC3_OTHER_Handler
                0x000012ac                EIC_EXTINT_13_Handler
                0x000012ac                SERCOM1_0_Handler
                0x000012ac                PUKCC_Handler
                0x000012ac                SERCOM2_1_Handler
                0x000012ac                SERCOM1_2_Handler
                0x000012ac                SERCOM3_0_Handler
                0x000012ac                SERCOM4_2_Handler
                0x000012ac                TCC1_MC2_Handler
                0x000012ac                ADC1_RESRDY_Handler
                0x000012ac                NVMCTRL_1_Handler
                0x000012ac                SERCOM5_2_Handler
                0x000012ac                SERCOM2_2_Handler
                0x000012ac                DAC_EMPTY_1_Handler
                0x000012ac                ADC1_OTHER_Handler
                0x000012ac                OSCCTRL_DPLL1_Handler
                0x000012ac                EIC_EXTINT_3_Handler
                0x000012ac                SERCOM3_OTHER_Handler
                0x000012ac                EIC_EXTINT_8_Handler
                0x000012ac                NVMCTRL_0_Handler
                0x000012ac                ADC0_RESRDY_Handler
                0x000012ac                ADC0_OTHER_Handler
                0x000012ac                MCLK_Handler
                0x000012ac                EVSYS_2_Handler
                0x000012ac                SERCOM2_OTHER_Handler
                0x000012ac                FREQM_Handler
                0x000012ac                TC0_Handler
                0x000012ac                TCC0_MC1_Handler
                0x000012ac                DMAC_3_Handler
                0x000012ac                RAMECC_Handler
                0x000012ac                TC5_Handler
                0x000012ac                SERCOM2_0_Handler
                0x000012ac                AES_Handler
                0x000012ac                ICM_Handler
                0x000012ac                TCC0_MC2_Handler

.text.NonMaskableInt_Handler%62
                0x000012b0        0x4
 .text.NonMaskableInt_Handler
                0x000012b0        0x4 build/default/debug/_ext/1171490990/exceptions.o
                0x000012b0                NonMaskableInt_Handler

.text.HardFault_Handler%63
                0x000012b4        0x4
 .text.HardFault_Handler
                0x000012b4        0x4 build/default/debug/_ext/1171490990/exceptions.o
                0x000012b4                HardFault_Handler

.text.DebugMonitor_Handler%64
                0x000012b8        0x4
 .text.DebugMonitor_Handler
                0x000012b8        0x4 build/default/debug/_ext/1171490990/exceptions.o
                0x000012b8                DebugMonitor_Handler

.text.MemoryManagement_Handler%65
                0x000012bc        0x4
 .text.MemoryManagement_Handler
                0x000012bc        0x4 build/default/debug/_ext/1171490990/exceptions.o
                0x000012bc                MemoryManagement_Handler

.text.BusFault_Handler%66
                0x000012c0        0x4
 .text.BusFault_Handler
                0x000012c0        0x4 build/default/debug/_ext/1171490990/exceptions.o
                0x000012c0                BusFault_Handler

.text.UsageFault_Handler%67
                0x000012c4        0x4
 .text.UsageFault_Handler
                0x000012c4        0x4 build/default/debug/_ext/1171490990/exceptions.o
                0x000012c4                UsageFault_Handler

.text.EVSYS_Initialize%68
                0x00001296        0x2
 .text.EVSYS_Initialize
                0x00001296        0x2 build/default/debug/_ext/1986646378/plib_evsys.o
                0x00001296                EVSYS_Initialize

.text.Dummy_App_Func%69
                0x000012c8        0x2
 .text.Dummy_App_Func
                0x000012c8        0x2 build/default/debug/_ext/1171490990/startup_xc32.o
                0x000012c8                _on_reset
                0x000012c8                _on_bootstrap
                0x000012c8                __xc32_on_reset
                0x000012c8                Dummy_App_Func
                0x000012c8                __xc32_on_bootstrap

.text.Protocol_7280_us_callback%70
                0x000012ca        0x2
 .text.Protocol_7280_us_callback
                0x000012ca        0x2 build/default/debug/_ext/1042908558/protocol.o
                0x000012ca                Protocol_7280_us_callback
