Archive member included to satisfy reference by file (symbol)

c:/program files/microchip/xc32/v3.01/bin/bin/../../lib/gcc/pic32c/8.3.1/../../../../pic32c/lib/thumb/v7e-m+fp/hard\libpic32c.a(data_init.o)
                              build/default/debug/_ext/1171490990/startup_xc32.o (__pic32c_data_initialization)
c:/program files/microchip/xc32/v3.01/bin/bin/../../lib/gcc/pic32c/8.3.1/../../../../pic32c/lib/thumb/v7e-m+fp/hard\libg_nano.a(lib_a-init.o)
                              build/default/debug/_ext/1171490990/startup_xc32.o (__libc_init_array)
c:/program files/microchip/xc32/v3.01/bin/bin/../../lib/gcc/pic32c/8.3.1/../../../../pic32c/lib/thumb/v7e-m+fp/hard\libg_nano.a(lib_a-memcpy-stub.o)
                              build/default/debug/_ext/60165182/plib_can0.o (memcpy)
c:/program files/microchip/xc32/v3.01/bin/bin/../../lib/gcc/pic32c/8.3.1/../../../../pic32c/lib/thumb/v7e-m+fp/hard\libg_nano.a(lib_a-memset.o)
                              build/default/debug/_ext/60165182/plib_can0.o (memset)

Microchip PIC32 Memory-Usage Report

ROM Program-Memory Usage
section                    address  length [bytes]      (dec)  Description
-------                 ----------  -------------------------  -----------
.vectors                    0x2000          0x260         608   
.text                       0x2260           0x20          32  App's exec code 
.text.filterCallback        0x2280          0x444        1092   
.text.MET_Can_Protocol_     0x26c4          0x3c4         964   
.text.CAN0_InterruptHan     0x2a88          0x180         384   
.text.FilterSelect          0x2c08          0x154         340   
.text.CLOCK_Initialize      0x2d5c          0x150         336   
.dinit                      0x2eac          0x150         336   
.text.MET_Can_Protocol_     0x2ffc          0x124         292   
.text.FilterInit            0x3120          0x11c         284   
.text.ApplicationProtoc     0x323c          0x100         256   
.text.CAN0_MessageTrans     0x333c           0xac         172   
.text.CAN0_MessageRAMCo     0x33e8           0x98         152   
.text.ApplicationProtoc     0x3480           0x98         152   
.text.Reset_Handler         0x3518           0x94         148   
.text.ApplicationProtoc     0x35ac           0x94         148   
.text.CAN0_Initialize       0x3640           0x88         136   
.text.__pic32c_data_ini     0x36c8           0x88         136   
.text.main                  0x3750           0x84         132   
.text.PORT_Initialize       0x37d4           0x78         120   
.text.startMotor            0x384c           0x60          96   
.text.ADC0_Initialize       0x38ac           0x5c          92   
.text.ADC1_Initialize       0x3908           0x5c          92   
.text.MET_Can_AppRestar     0x3964           0x58          88   
.text.setFaseCurrentMod     0x39bc           0x54          84   
.text.CAN0_MessageRecei     0x3a10           0x4c          76   
.text.NVIC_Initialize       0x3a5c           0x48          72   
.text.FilterTest            0x3aa4           0x48          72   
.text.__libc_init_array     0x3aec           0x48          72   
.text.MET_Can_Protocol_     0x3b34           0x44          68   
.text.RTC_Initialize        0x3b78           0x44          68   
.text                       0x3bbc           0x40          64  App's exec code 
.text.CAN0_ErrorGet         0x3bfc           0x40          64   
.text.TC1_CompareInitia     0x3c3c           0x3c          60   
.text.MET_Can_Protocol_     0x3c78           0x38          56   
.text.MET_Can_Protocol_     0x3cb0           0x38          56   
.text.MET_Can_Protocol_     0x3ce8           0x38          56   
.text.setMicroStep          0x3d20           0x38          56   
.text.rtcEventHandler       0x3d58           0x38          56   
.text.PowerLedOn            0x3d90           0x34          52   
.text.TC0_CompareInitia     0x3dc4           0x30          48   
.text.SYS_Initialize        0x3df4           0x30          48   
.text.FilterIsTarget        0x3e24           0x30          48   
.text.PowerLedLoop          0x3e54           0x30          48   
.text.MET_Can_Protocol_     0x3e84           0x2c          44   
.text.TC1_CompareInterr     0x3eb0           0x2c          44   
.text.stopMotor             0x3edc           0x2c          44   
.text.FilterTest2           0x3f08           0x2c          44   
.text.MET_Can_Protocol_     0x3f34           0x28          40   
.text.RTC_InterruptHand     0x3f5c           0x28          40   
.text.PowerLedInit          0x3f84           0x28          40   
.text.PowerLedOff           0x3fac           0x28          40   
.text.MET_Can_Protocol_     0x3fd4           0x20          32   
.text.XrayInit              0x3ff4           0x20          32   
.text.CAN0_RxCallbackRe     0x4014           0x1c          28   
.text.getSlotFromFilter     0x4030           0x1c          28   
.text.memcpy                0x404c           0x1c          28   
[...]
Memory Configuration

Name             Origin             Length             Attributes
rom              0x00002000         0x000fe000         xrl
ram              0x20000010         0x0003fff0         xw !r
tcm              0x03000000         0x00000000         xw
config_00804000  0x00804000         0x00000004
config_00804008  0x00804008         0x00000004
config_00804004  0x00804004         0x00000004
*default*        0x00000000         0xffffffff

Linker script and memory map

LOAD c:/program files/microchip/xc32/v3.01/bin/bin/../../lib/gcc/pic32c/8.3.1/thumb/v7e-m+fp/hard/crti.o
LOAD c:/program files/microchip/xc32/v3.01/bin/bin/../../lib/gcc/pic32c/8.3.1/thumb/v7e-m+fp/hard/crtbegin.o
LOAD build/default/debug/_ext/1894469536/MET_can_protocol.o
LOAD build/default/debug/_ext/60163342/plib_adc0.o
LOAD build/default/debug/_ext/60163342/plib_adc1.o
LOAD build/default/debug/_ext/60165182/plib_can0.o
LOAD build/default/debug/_ext/1984496892/plib_clock.o
LOAD build/default/debug/_ext/1865131932/plib_cmcc.o
LOAD build/default/debug/_ext/1986646378/plib_evsys.o
LOAD build/default/debug/_ext/1865468468/plib_nvic.o
LOAD build/default/debug/_ext/1593096446/plib_nvmctrl.o
LOAD build/default/debug/_ext/1865521619/plib_port.o
LOAD build/default/debug/_ext/60180175/plib_rtc_timer.o
LOAD build/default/debug/_ext/829342655/plib_tc0.o
LOAD build/default/debug/_ext/829342655/plib_tc1.o
LOAD build/default/debug/_ext/163028504/xc32_monitor.o
LOAD build/default/debug/_ext/1171490990/initialization.o
LOAD build/default/debug/_ext/1171490990/interrupts.o
LOAD build/default/debug/_ext/1171490990/exceptions.o
LOAD build/default/debug/_ext/1171490990/startup_xc32.o
LOAD build/default/debug/_ext/1171490990/libc_syscalls.o
LOAD build/default/debug/_ext/1229855278/filter.o
LOAD build/default/debug/_ext/804795040/power_led.o
LOAD build/default/debug/_ext/1042908558/protocol.o
LOAD build/default/debug/_ext/382305744/xray_tube.o
LOAD build/default/debug/_ext/1360937237/main.o
                0x00000001                __MPLAB_BUILD = 0x1
                0x00100000                __rom_end = (ORIGIN (rom) + LENGTH (rom))
                0x20040000                __ram_end = (ORIGIN (ram) + LENGTH (ram))

.config_00804000
                0x00804000        0x4
 *(.config_00804000)
 .config_00804000
                0x00804000        0x4 build/default/debug/_ext/1171490990/initialization.o
                0x00804000                __config_00804000

.config_00804008
                0x00804008        0x4
 *(.config_00804008)
 .config_00804008
                0x00804008        0x4 build/default/debug/_ext/1171490990/initialization.o
                0x00804008                __config_00804008

.config_00804004
                0x00804004        0x4
 *(.config_00804004)
 .config_00804004
                0x00804004        0x4 build/default/debug/_ext/1171490990/initialization.o
                0x00804004                __config_00804004

.vectors        0x00002000      0x260
                0x00002000                . = ALIGN (0x4)
                0x00002000                _sfixed = .
 *(.vectors .vectors.* .vectors_default .vectors_default.*)
 .vectors       0x00002000      0x260 build/default/debug/_ext/1171490990/interrupts.o
                0x00002000                exception_table
 *(.isr_vector)
 *(.reset*)
 *(.after_vectors)

.text           0x00002260       0x20
                0x00002260                . = ALIGN (0x4)
 *(.glue_7t)
 .glue_7t       0x00002260        0x0 linker stubs
 *(.glue_7)
 .glue_7        0x00002260        0x0 linker stubs
 *(.gnu.linkonce.r.*)
 *(.ARM.extab* .gnu.linkonce.armextab.*)
                0x00002260                . = ALIGN (0x4)
 *(.init)
 .init          0x00002260        0x4 c:/program files/microchip/xc32/v3.01/bin/bin/../../lib/gcc/pic32c/8.3.1/thumb/v7e-m+fp/hard/crti.o
                0x00002260                _init
 .init          0x00002264        0x8 c:/program files/microchip/xc32/v3.01/bin/bin/../../lib/gcc/pic32c/8.3.1/thumb/v7e-m+fp/hard/crtn.o
                0x0000226c                . = ALIGN (0x4)
                0x0000226c                __preinit_array_start = .
 *(.preinit_array)
                0x0000226c                __preinit_array_end = .
                0x0000226c                . = ALIGN (0x4)
                0x0000226c                __init_array_start = .
 *(SORT_BY_NAME(.init_array.*))
 *(.init_array)
 .init_array    0x0000226c        0x4 c:/program files/microchip/xc32/v3.01/bin/bin/../../lib/gcc/pic32c/8.3.1/thumb/v7e-m+fp/hard/crtbegin.o
                0x00002270                __init_array_end = .
                0x00002270                . = ALIGN (0x4)
 *crtbegin.o(.ctors)
 *(EXCLUDE_FILE(*crtend.o) .ctors)
 *(SORT_BY_NAME(.ctors.*))
 *crtend.o(.ctors)
                0x00002270                . = ALIGN (0x4)
 *(.fini)
 .fini          0x00002270        0x4 c:/program files/microchip/xc32/v3.01/bin/bin/../../lib/gcc/pic32c/8.3.1/thumb/v7e-m+fp/hard/crti.o
                0x00002270                _fini
 .fini          0x00002274        0x8 c:/program files/microchip/xc32/v3.01/bin/bin/../../lib/gcc/pic32c/8.3.1/thumb/v7e-m+fp/hard/crtn.o
                0x0000227c                . = ALIGN (0x4)
                0x0000227c                __fini_array_start = .
 *(.fini_array)
 .fini_array    0x0000227c        0x4 c:/program files/microchip/xc32/v3.01/bin/bin/../../lib/gcc/pic32c/8.3.1/thumb/v7e-m+fp/hard/crtbegin.o
 *(SORT_BY_NAME(.fini_array.*))
                0x00002280                __fini_array_end = .
 *crtbegin.o(.dtors)
 *(EXCLUDE_FILE(*crtend.o) .dtors)
 *(SORT_BY_NAME(.dtors.*))
 *crtend.o(.dtors)
                0x00002280                . = ALIGN (0x4)
                0x00002280                _efixed = .
                [!provide]                PROVIDE (__exidx_start = .)

.ARM.exidx
 *(.ARM.exidx* .gnu.linkonce.armexidx.*)
                [!provide]                PROVIDE (__exidx_end = .)
                0x00002280                . = ALIGN (0x4)
                0x00002280                _etext = .

.bss            0x20000010        0x0
                0x20000010                . = ALIGN (0x4)
                0x20000010                __bss_start__ = .
                0x20000010                _sbss = .
                0x20000010                _szero = .
 *(COMMON)
                0x20000010                . = ALIGN (0x4)
                0x20000010                __bss_end__ = .
                0x20000010                _ebss = .
                0x20000010                _ezero = .
                0x20000010                . = ALIGN (0x4)
                0x20000010                _end = .
                0x2003ffff                _ram_end_ = ((ORIGIN (ram) + LENGTH (ram)) - 0x1)
                0x00000001                __ICD2RAM = 0x1
                0x00000001                __MPLAB_DEBUG = 0x1
                0x00000001                __DEBUG = 0x1
                0x00000200                _min_heap_size = 0x200
START GROUP
LOAD c:/program files/microchip/xc32/v3.01/bin/bin/../../lib/gcc/pic32c/8.3.1/../../../../pic32c/lib/thumb/v7e-m+fp/hard\libpic32c.a
LOAD c:/program files/microchip/xc32/v3.01/bin/bin/../../lib/gcc/pic32c/8.3.1/thumb/v7e-m+fp/hard\libgcc.a
LOAD c:/program files/microchip/xc32/v3.01/bin/bin/../../lib/gcc/pic32c/8.3.1/../../../../pic32c/lib/thumb/v7e-m+fp/hard\libg_nano.a
LOAD c:/program files/microchip/xc32/v3.01/bin/bin/../../lib/gcc/pic32c/8.3.1/../../../../pic32c/lib/thumb/v7e-m+fp/hard\libm_nano.a
LOAD c:/program files/microchip/xc32/v3.01/bin/bin/../../lib/gcc/pic32c/8.3.1/../../../../pic32c/lib/thumb/v7e-m+fp/hard\libc_nano.a
END GROUP
LOAD c:/program files/microchip/xc32/v3.01/bin/bin/../../lib/gcc/pic32c/8.3.1/thumb/v7e-m+fp/hard/crtend.o
LOAD c:/program files/microchip/xc32/v3.01/bin/bin/../../lib/gcc/pic32c/8.3.1/thumb/v7e-m+fp/hard/crtn.o
OUTPUT(dist/default/debug/FW315.X.debug.elf elf32-littlearm)
LOAD stack
LOAD data_init

.ARM.attributes
                0x00000000       0x32
 .ARM.attributes
                0x00000000       0x1e c:/program files/microchip/xc32/v3.01/bin/bin/../../lib/gcc/pic32c/8.3.1/thumb/v7e-m+fp/hard/crti.o
 .ARM.attributes
                0x0000001e       0x34 c:/program files/microchip/xc32/v3.01/bin/bin/../../lib/gcc/pic32c/8.3.1/thumb/v7e-m+fp/hard/crtbegin.o
 .ARM.attributes
                0x00000052       0x34 build/default/debug/_ext/1894469536/MET_can_protocol.o
 .ARM.attributes
                0x00000086       0x34 build/default/debug/_ext/60163342/plib_adc0.o
 .ARM.attributes
                0x000000ba       0x34 build/default/debug/_ext/60163342/plib_adc1.o
 .ARM.attributes
                0x000000ee       0x34 build/default/debug/_ext/60165182/plib_can0.o
 .ARM.attributes
                0x00000122       0x34 build/default/debug/_ext/1984496892/plib_clock.o
 .ARM.attributes
                0x00000156       0x34 build/default/debug/_ext/1986646378/plib_evsys.o
 .ARM.attributes
                0x0000018a       0x34 build/default/debug/_ext/1865468468/plib_nvic.o
 .ARM.attributes
                0x000001be       0x34 build/default/debug/_ext/1593096446/plib_nvmctrl.o
 .ARM.attributes
                0x000001f2       0x34 build/default/debug/_ext/1865521619/plib_port.o
 .ARM.attributes
                0x00000226       0x34 build/default/debug/_ext/60180175/plib_rtc_timer.o
 .ARM.attributes
                0x0000025a       0x34 build/default/debug/_ext/829342655/plib_tc0.o
 .ARM.attributes
                0x0000028e       0x34 build/default/debug/_ext/829342655/plib_tc1.o
 .ARM.attributes
                0x000002c2       0x34 build/default/debug/_ext/1171490990/initialization.o
 .ARM.attributes
                0x000002f6       0x34 build/default/debug/_ext/1171490990/interrupts.o
 .ARM.attributes
                0x0000032a       0x34 build/default/debug/_ext/1171490990/exceptions.o
 .ARM.attributes
                0x0000035e       0x34 build/default/debug/_ext/1171490990/startup_xc32.o
 .ARM.attributes
                0x00000392       0x34 build/default/debug/_ext/1229855278/filter.o
 .ARM.attributes
                0x000003c6       0x34 build/default/debug/_ext/804795040/power_led.o
 .ARM.attributes
                0x000003fa       0x34 build/default/debug/_ext/1042908558/protocol.o
 .ARM.attributes
                0x0000042e       0x34 build/default/debug/_ext/382305744/xray_tube.o
 .ARM.attributes
                0x00000462       0x34 build/default/debug/_ext/1360937237/main.o
 .ARM.attributes
                0x00000496       0x34 c:/program files/microchip/xc32/v3.01/bin/bin/../../lib/gcc/pic32c/8.3.1/../../../../pic32c/lib/thumb/v7e-m+fp/hard\libpic32c.a(data_init.o)
 .ARM.attributes
                0x000004ca       0x34 c:/program files/microchip/xc32/v3.01/bin/bin/../../lib/gcc/pic32c/8.3.1/../../../../pic32c/lib/thumb/v7e-m+fp/hard\libg_nano.a(lib_a-init.o)
 .ARM.attributes
                0x000004fe       0x34 c:/program files/microchip/xc32/v3.01/bin/bin/../../lib/gcc/pic32c/8.3.1/../../../../pic32c/lib/thumb/v7e-m+fp/hard\libg_nano.a(lib_a-memcpy-stub.o)
 .ARM.attributes
                0x00000532       0x34 c:/program files/microchip/xc32/v3.01/bin/bin/../../lib/gcc/pic32c/8.3.1/../../../../pic32c/lib/thumb/v7e-m+fp/hard\libg_nano.a(lib_a-memset.o)
 .ARM.attributes
                0x00000566       0x1e c:/program files/microchip/xc32/v3.01/bin/bin/../../lib/gcc/pic32c/8.3.1/thumb/v7e-m+fp/hard/crtn.o

.comment        0x00000000       0x53
 .comment       0x00000000       0x53 c:/program files/microchip/xc32/v3.01/bin/bin/../../lib/gcc/pic32c/8.3.1/thumb/v7e-m+fp/hard/crtbegin.o
                                 0x54 (size before relaxing)
 .comment       0x00000053       0x54 build/default/debug/_ext/1894469536/MET_can_protocol.o
 .comment       0x00000053       0x54 build/default/debug/_ext/60163342/plib_adc0.o
 .comment       0x00000053       0x54 build/default/debug/_ext/60163342/plib_adc1.o
 .comment       0x00000053       0x54 build/default/debug/_ext/60165182/plib_can0.o
 .comment       0x00000053       0x54 build/default/debug/_ext/1984496892/plib_clock.o
 .comment       0x00000053       0x54 build/default/debug/_ext/1986646378/plib_evsys.o
 .comment       0x00000053       0x54 build/default/debug/_ext/1865468468/plib_nvic.o
 .comment       0x00000053       0x54 build/default/debug/_ext/1593096446/plib_nvmctrl.o
 .comment       0x00000053       0x54 build/default/debug/_ext/1865521619/plib_port.o
 .comment       0x00000053       0x54 build/default/debug/_ext/60180175/plib_rtc_timer.o
 .comment       0x00000053       0x54 build/default/debug/_ext/829342655/plib_tc0.o
 .comment       0x00000053       0x54 build/default/debug/_ext/829342655/plib_tc1.o
 .comment       0x00000053       0x54 build/default/debug/_ext/1171490990/initialization.o
 .comment       0x00000053       0x54 build/default/debug/_ext/1171490990/interrupts.o
 .comment       0x00000053       0x54 build/default/debug/_ext/1171490990/exceptions.o
 .comment       0x00000053       0x54 build/default/debug/_ext/1171490990/startup_xc32.o
 .comment       0x00000053       0x54 build/default/debug/_ext/1229855278/filter.o
 .comment       0x00000053       0x54 build/default/debug/_ext/804795040/power_led.o
 .comment       0x00000053       0x54 build/default/debug/_ext/1042908558/protocol.o
 .comment       0x00000053       0x54 build/default/debug/_ext/382305744/xray_tube.o
 .comment       0x00000053       0x54 build/default/debug/_ext/1360937237/main.o
 .comment       0x00000053       0x54 c:/program files/microchip/xc32/v3.01/bin/bin/../../lib/gcc/pic32c/8.3.1/../../../../pic32c/lib/thumb/v7e-m+fp/hard\libpic32c.a(data_init.o)
 .comment       0x00000053       0x54 c:/program files/microchip/xc32/v3.01/bin/bin/../../lib/gcc/pic32c/8.3.1/../../../../pic32c/lib/thumb/v7e-m+fp/hard\libg_nano.a(lib_a-init.o)
 .comment       0x00000053       0x54 c:/program files/microchip/xc32/v3.01/bin/bin/../../lib/gcc/pic32c/8.3.1/../../../../pic32c/lib/thumb/v7e-m+fp/hard\libg_nano.a(lib_a-memcpy-stub.o)
 .comment       0x00000053       0x54 c:/program files/microchip/xc32/v3.01/bin/bin/../../lib/gcc/pic32c/8.3.1/../../../../pic32c/lib/thumb/v7e-m+fp/hard\libg_nano.a(lib_a-memset.o)

.debug_info     0x00000000    0x1bbe0
 .debug_info    0x00000000     0x2c26 build/default/debug/_ext/1894469536/MET_can_protocol.o
 .debug_info    0x00002c26      0xe8b build/default/debug/_ext/60163342/plib_adc0.o
 .debug_info    0x00003ab1      0xe8b build/default/debug/_ext/60163342/plib_adc1.o
 .debug_info    0x0000493c     0x28ae build/default/debug/_ext/60165182/plib_can0.o
 .debug_info    0x000071ea      0xc63 build/default/debug/_ext/1984496892/plib_clock.o
 .debug_info    0x00007e4d      0x391 build/default/debug/_ext/1986646378/plib_evsys.o
 .debug_info    0x000081de     0x146a build/default/debug/_ext/1865468468/plib_nvic.o
 .debug_info    0x00009648     0x1897 build/default/debug/_ext/1593096446/plib_nvmctrl.o
 .debug_info    0x0000aedf      0xe60 build/default/debug/_ext/1865521619/plib_port.o
 .debug_info    0x0000bd3f     0x1c54 build/default/debug/_ext/60180175/plib_rtc_timer.o
 .debug_info    0x0000d993      0xcd7 build/default/debug/_ext/829342655/plib_tc0.o
 .debug_info    0x0000e66a      0xdf9 build/default/debug/_ext/829342655/plib_tc1.o
 .debug_info    0x0000f463     0x1036 build/default/debug/_ext/1171490990/initialization.o
 .debug_info    0x00010499     0x228d build/default/debug/_ext/1171490990/interrupts.o
 .debug_info    0x00012726      0xfe5 build/default/debug/_ext/1171490990/exceptions.o
 .debug_info    0x0001370b      0x99a build/default/debug/_ext/1171490990/startup_xc32.o
 .debug_info    0x000140a5     0x1ff6 build/default/debug/_ext/1229855278/filter.o
 .debug_info    0x0001609b     0x1579 build/default/debug/_ext/804795040/power_led.o
 .debug_info    0x00017614     0x197c build/default/debug/_ext/1042908558/protocol.o
 .debug_info    0x00018f90     0x1451 build/default/debug/_ext/382305744/xray_tube.o
 .debug_info    0x0001a3e1     0x1532 build/default/debug/_ext/1360937237/main.o
 .debug_info    0x0001b913      0x2cd c:/program files/microchip/xc32/v3.01/bin/bin/../../lib/gcc/pic32c/8.3.1/../../../../pic32c/lib/thumb/v7e-m+fp/hard\libpic32c.a(data_init.o)

.debug_abbrev   0x00000000     0x3066
 .debug_abbrev  0x00000000      0x4de build/default/debug/_ext/1894469536/MET_can_protocol.o
 .debug_abbrev  0x000004de      0x19d build/default/debug/_ext/60163342/plib_adc0.o
 .debug_abbrev  0x0000067b      0x19d build/default/debug/_ext/60163342/plib_adc1.o
 .debug_abbrev  0x00000818      0x459 build/default/debug/_ext/60165182/plib_can0.o
 .debug_abbrev  0x00000c71      0x135 build/default/debug/_ext/1984496892/plib_clock.o
 .debug_abbrev  0x00000da6       0x64 build/default/debug/_ext/1986646378/plib_evsys.o
 .debug_abbrev  0x00000e0a      0x217 build/default/debug/_ext/1865468468/plib_nvic.o
 .debug_abbrev  0x00001021      0x30a build/default/debug/_ext/1593096446/plib_nvmctrl.o
 .debug_abbrev  0x0000132b      0x1e9 build/default/debug/_ext/1865521619/plib_port.o
 .debug_abbrev  0x00001514      0x2b4 build/default/debug/_ext/60180175/plib_rtc_timer.o
 .debug_abbrev  0x000017c8      0x1ae build/default/debug/_ext/829342655/plib_tc0.o
 .debug_abbrev  0x00001976      0x22b build/default/debug/_ext/829342655/plib_tc1.o
 .debug_abbrev  0x00001ba1      0x1f2 build/default/debug/_ext/1171490990/initialization.o
 .debug_abbrev  0x00001d93      0x1cc build/default/debug/_ext/1171490990/interrupts.o
 .debug_abbrev  0x00001f5f      0x1ac build/default/debug/_ext/1171490990/exceptions.o
 .debug_abbrev  0x0000210b      0x209 build/default/debug/_ext/1171490990/startup_xc32.o
 .debug_abbrev  0x00002314      0x3d0 build/default/debug/_ext/1229855278/filter.o
 .debug_abbrev  0x000026e4      0x243 build/default/debug/_ext/804795040/power_led.o
 .debug_abbrev  0x00002927      0x28c build/default/debug/_ext/1042908558/protocol.o
 .debug_abbrev  0x00002bb3      0x215 build/default/debug/_ext/382305744/xray_tube.o
 .debug_abbrev  0x00002dc8      0x270 build/default/debug/_ext/1360937237/main.o
 .debug_abbrev  0x00003038       0x2e c:/program files/microchip/xc32/v3.01/bin/bin/../../lib/gcc/pic32c/8.3.1/../../../../pic32c/lib/thumb/v7e-m+fp/hard\libpic32c.a(data_init.o)

.debug_loc      0x00000000     0x2ab4
 .debug_loc     0x00000000      0x993 build/default/debug/_ext/1894469536/MET_can_protocol.o
 .debug_loc     0x00000993      0x129 build/default/debug/_ext/60163342/plib_adc0.o
 .debug_loc     0x00000abc      0x129 build/default/debug/_ext/60163342/plib_adc1.o
 .debug_loc     0x00000be5      0x999 build/default/debug/_ext/60165182/plib_can0.o
 .debug_loc     0x0000157e      0x13d build/default/debug/_ext/1865468468/plib_nvic.o
 .debug_loc     0x000016bb      0x4bf build/default/debug/_ext/1593096446/plib_nvmctrl.o
 .debug_loc     0x00001b7a      0x1bc build/default/debug/_ext/1865521619/plib_port.o
 .debug_loc     0x00001d36       0xb4 build/default/debug/_ext/60180175/plib_rtc_timer.o
 .debug_loc     0x00001dea      0x141 build/default/debug/_ext/829342655/plib_tc0.o
 .debug_loc     0x00001f2b      0x161 build/default/debug/_ext/829342655/plib_tc1.o
 .debug_loc     0x0000208c       0x45 build/default/debug/_ext/1171490990/initialization.o
 .debug_loc     0x000020d1       0x60 build/default/debug/_ext/1171490990/startup_xc32.o
 .debug_loc     0x00002131      0x60c build/default/debug/_ext/1229855278/filter.o
 .debug_loc     0x0000273d       0x80 build/default/debug/_ext/804795040/power_led.o
 .debug_loc     0x000027bd      0x283 build/default/debug/_ext/1042908558/protocol.o
 .debug_loc     0x00002a40       0x40 build/default/debug/_ext/382305744/xray_tube.o
 .debug_loc     0x00002a80       0x20 build/default/debug/_ext/1360937237/main.o
 .debug_loc     0x00002aa0       0x14 c:/program files/microchip/xc32/v3.01/bin/bin/../../lib/gcc/pic32c/8.3.1/../../../../pic32c/lib/thumb/v7e-m+fp/hard\libpic32c.a(data_init.o)

.debug_aranges  0x00000000      0x7a0
 .debug_aranges
                0x00000000       0xc0 build/default/debug/_ext/1894469536/MET_can_protocol.o
 .debug_aranges
                0x000000c0       0x80 build/default/debug/_ext/60163342/plib_adc0.o
 .debug_aranges
                0x00000140       0x80 build/default/debug/_ext/60163342/plib_adc1.o
 .debug_aranges
                0x000001c0       0xa0 build/default/debug/_ext/60165182/plib_can0.o
 .debug_aranges
                0x00000260       0x20 build/default/debug/_ext/1984496892/plib_clock.o
 .debug_aranges
                0x00000280       0x20 build/default/debug/_ext/1986646378/plib_evsys.o
 .debug_aranges
                0x000002a0       0x38 build/default/debug/_ext/1865468468/plib_nvic.o
 .debug_aranges
                0x000002d8       0xb0 build/default/debug/_ext/1593096446/plib_nvmctrl.o
 .debug_aranges
                0x00000388       0x70 build/default/debug/_ext/1865521619/plib_port.o
 .debug_aranges
                0x000003f8       0xa0 build/default/debug/_ext/60180175/plib_rtc_timer.o
 .debug_aranges
                0x00000498       0x78 build/default/debug/_ext/829342655/plib_tc0.o
 .debug_aranges
                0x00000510       0x80 build/default/debug/_ext/829342655/plib_tc1.o
 .debug_aranges
                0x00000590       0x20 build/default/debug/_ext/1171490990/initialization.o
 .debug_aranges
                0x000005b0       0x20 build/default/debug/_ext/1171490990/interrupts.o
 .debug_aranges
                0x000005d0       0x48 build/default/debug/_ext/1171490990/exceptions.o
 .debug_aranges
                0x00000618       0x28 build/default/debug/_ext/1171490990/startup_xc32.o
 .debug_aranges
                0x00000640       0x88 build/default/debug/_ext/1229855278/filter.o
 .debug_aranges
                0x000006c8       0x38 build/default/debug/_ext/804795040/power_led.o
 .debug_aranges
                0x00000700       0x30 build/default/debug/_ext/1042908558/protocol.o
 .debug_aranges
                0x00000730       0x28 build/default/debug/_ext/382305744/xray_tube.o
 .debug_aranges
                0x00000758       0x28 build/default/debug/_ext/1360937237/main.o
 .debug_aranges
                0x00000780       0x20 c:/program files/microchip/xc32/v3.01/bin/bin/../../lib/gcc/pic32c/8.3.1/../../../../pic32c/lib/thumb/v7e-m+fp/hard\libpic32c.a(data_init.o)

.debug_ranges   0x00000000      0x690
 .debug_ranges  0x00000000       0xe0 build/default/debug/_ext/1894469536/MET_can_protocol.o
 .debug_ranges  0x000000e0       0x70 build/default/debug/_ext/60163342/plib_adc0.o
 .debug_ranges  0x00000150       0x70 build/default/debug/_ext/60163342/plib_adc1.o
 .debug_ranges  0x000001c0       0x90 build/default/debug/_ext/60165182/plib_can0.o
 .debug_ranges  0x00000250       0x10 build/default/debug/_ext/1984496892/plib_clock.o
 .debug_ranges  0x00000260       0x10 build/default/debug/_ext/1986646378/plib_evsys.o
 .debug_ranges  0x00000270       0x28 build/default/debug/_ext/1865468468/plib_nvic.o
 .debug_ranges  0x00000298       0xa0 build/default/debug/_ext/1593096446/plib_nvmctrl.o
 .debug_ranges  0x00000338       0x60 build/default/debug/_ext/1865521619/plib_port.o
 .debug_ranges  0x00000398       0x90 build/default/debug/_ext/60180175/plib_rtc_timer.o
 .debug_ranges  0x00000428       0x68 build/default/debug/_ext/829342655/plib_tc0.o
 .debug_ranges  0x00000490       0x70 build/default/debug/_ext/829342655/plib_tc1.o
 .debug_ranges  0x00000500       0x10 build/default/debug/_ext/1171490990/initialization.o
 .debug_ranges  0x00000510       0x10 build/default/debug/_ext/1171490990/interrupts.o
 .debug_ranges  0x00000520       0x38 build/default/debug/_ext/1171490990/exceptions.o
 .debug_ranges  0x00000558       0x18 build/default/debug/_ext/1171490990/startup_xc32.o
 .debug_ranges  0x00000570       0x98 build/default/debug/_ext/1229855278/filter.o
 .debug_ranges  0x00000608       0x28 build/default/debug/_ext/804795040/power_led.o
 .debug_ranges  0x00000630       0x20 build/default/debug/_ext/1042908558/protocol.o
 .debug_ranges  0x00000650       0x18 build/default/debug/_ext/382305744/xray_tube.o
 .debug_ranges  0x00000668       0x18 build/default/debug/_ext/1360937237/main.o
 .debug_ranges  0x00000680       0x10 c:/program files/microchip/xc32/v3.01/bin/bin/../../lib/gcc/pic32c/8.3.1/../../../../pic32c/lib/thumb/v7e-m+fp/hard\libpic32c.a(data_init.o)

.debug_line     0x00000000     0x5d7f
 .debug_line    0x00000000      0xc9d build/default/debug/_ext/1894469536/MET_can_protocol.o
 .debug_line    0x00000c9d      0x3cc build/default/debug/_ext/60163342/plib_adc0.o
 .debug_line    0x00001069      0x3cc build/default/debug/_ext/60163342/plib_adc1.o
 .debug_line    0x00001435      0x8d9 build/default/debug/_ext/60165182/plib_can0.o
 .debug_line    0x00001d0e      0x38c build/default/debug/_ext/1984496892/plib_clock.o
 .debug_line    0x0000209a      0x131 build/default/debug/_ext/1986646378/plib_evsys.o
 .debug_line    0x000021cb      0x37d build/default/debug/_ext/1865468468/plib_nvic.o
 .debug_line    0x00002548      0x51e build/default/debug/_ext/1593096446/plib_nvmctrl.o
 .debug_line    0x00002a66      0x397 build/default/debug/_ext/1865521619/plib_port.o
 .debug_line    0x00002dfd      0x4ce build/default/debug/_ext/60180175/plib_rtc_timer.o
 .debug_line    0x000032cb      0x3b7 build/default/debug/_ext/829342655/plib_tc0.o
 .debug_line    0x00003682      0x406 build/default/debug/_ext/829342655/plib_tc1.o
 .debug_line    0x00003a88      0x3a5 build/default/debug/_ext/1171490990/initialization.o
 .debug_line    0x00003e2d      0x1a9 build/default/debug/_ext/1171490990/interrupts.o
 .debug_line    0x00003fd6      0x207 build/default/debug/_ext/1171490990/exceptions.o
 .debug_line    0x000041dd      0x2b7 build/default/debug/_ext/1171490990/startup_xc32.o
 .debug_line    0x00004494      0xba0 build/default/debug/_ext/1229855278/filter.o
 .debug_line    0x00005034      0x29d build/default/debug/_ext/804795040/power_led.o
 .debug_line    0x000052d1      0x37b build/default/debug/_ext/1042908558/protocol.o
 .debug_line    0x0000564c      0x28b build/default/debug/_ext/382305744/xray_tube.o
 .debug_line    0x000058d7      0x398 build/default/debug/_ext/1360937237/main.o
 .debug_line    0x00005c6f      0x110 c:/program files/microchip/xc32/v3.01/bin/bin/../../lib/gcc/pic32c/8.3.1/../../../../pic32c/lib/thumb/v7e-m+fp/hard\libpic32c.a(data_init.o)

.debug_str      0x00000000      0x97f
 .debug_str     0x00000000       0xbd build/default/debug/_ext/1894469536/MET_can_protocol.o
 .debug_str     0x000000bd       0x19 build/default/debug/_ext/60163342/plib_adc0.o
 .debug_str     0x000000d6       0x19 build/default/debug/_ext/60163342/plib_adc1.o
 .debug_str     0x000000ef       0x96 build/default/debug/_ext/60165182/plib_can0.o
 .debug_str     0x00000185       0x1e build/default/debug/_ext/1984496892/plib_clock.o
 .debug_str     0x000001a3        0x0 build/default/debug/_ext/1986646378/plib_evsys.o
 .debug_str     0x000001a3        0xa build/default/debug/_ext/1865468468/plib_nvic.o
 .debug_str     0x000001ad       0x29 build/default/debug/_ext/1593096446/plib_nvmctrl.o
 .debug_str     0x000001d6        0xb build/default/debug/_ext/1865521619/plib_port.o
 .debug_str     0x000001e1      0x123 build/default/debug/_ext/60180175/plib_rtc_timer.o
 .debug_str     0x00000304       0xc6 build/default/debug/_ext/829342655/plib_tc0.o
 .debug_str     0x000003ca       0xcf build/default/debug/_ext/829342655/plib_tc1.o
 .debug_str     0x00000499       0xce build/default/debug/_ext/1171490990/initialization.o
 .debug_str     0x00000567        0xe build/default/debug/_ext/1171490990/interrupts.o
 .debug_str     0x00000575        0xe build/default/debug/_ext/1171490990/exceptions.o
 .debug_str     0x00000583       0x2f build/default/debug/_ext/1171490990/startup_xc32.o
 .debug_str     0x000005b2       0xbd build/default/debug/_ext/1229855278/filter.o
 .debug_str     0x0000066f       0x4a build/default/debug/_ext/804795040/power_led.o
 .debug_str     0x000006b9      0x188 build/default/debug/_ext/1042908558/protocol.o
 .debug_str     0x00000841       0x82 build/default/debug/_ext/382305744/xray_tube.o
 .debug_str     0x000008c3       0xbc build/default/debug/_ext/1360937237/main.o
 .debug_str     0x0000097f        0x0 c:/program files/microchip/xc32/v3.01/bin/bin/../../lib/gcc/pic32c/8.3.1/../../../../pic32c/lib/thumb/v7e-m+fp/hard\libpic32c.a(data_init.o)

.debug_frame    0x00000000      0xea0
 .debug_frame   0x00000000      0x1d4 build/default/debug/_ext/1894469536/MET_can_protocol.o
 .debug_frame   0x000001d4       0xe0 build/default/debug/_ext/60163342/plib_adc0.o
 .debug_frame   0x000002b4       0xe0 build/default/debug/_ext/60163342/plib_adc1.o
 .debug_frame   0x00000394      0x194 build/default/debug/_ext/60165182/plib_can0.o
 .debug_frame   0x00000528       0x20 build/default/debug/_ext/1984496892/plib_clock.o
 .debug_frame   0x00000548       0x20 build/default/debug/_ext/1986646378/plib_evsys.o
 .debug_frame   0x00000568       0x50 build/default/debug/_ext/1865468468/plib_nvic.o
 .debug_frame   0x000005b8      0x170 build/default/debug/_ext/1593096446/plib_nvmctrl.o
 .debug_frame   0x00000728       0xcc build/default/debug/_ext/1865521619/plib_port.o
 .debug_frame   0x000007f4      0x128 build/default/debug/_ext/60180175/plib_rtc_timer.o
 .debug_frame   0x0000091c       0xd0 build/default/debug/_ext/829342655/plib_tc0.o
 .debug_frame   0x000009ec       0xe8 build/default/debug/_ext/829342655/plib_tc1.o
 .debug_frame   0x00000ad4       0x28 build/default/debug/_ext/1171490990/initialization.o
 .debug_frame   0x00000afc       0x20 build/default/debug/_ext/1171490990/interrupts.o
 .debug_frame   0x00000b1c       0x70 build/default/debug/_ext/1171490990/exceptions.o
 .debug_frame   0x00000b8c       0x38 build/default/debug/_ext/1171490990/startup_xc32.o
 .debug_frame   0x00000bc4      0x150 build/default/debug/_ext/1229855278/filter.o
 .debug_frame   0x00000d14       0x70 build/default/debug/_ext/804795040/power_led.o
 .debug_frame   0x00000d84       0x6c build/default/debug/_ext/1042908558/protocol.o
 .debug_frame   0x00000df0       0x40 build/default/debug/_ext/382305744/xray_tube.o
 .debug_frame   0x00000e30       0x38 build/default/debug/_ext/1360937237/main.o
 .debug_frame   0x00000e68       0x38 c:/program files/microchip/xc32/v3.01/bin/bin/../../lib/gcc/pic32c/8.3.1/../../../../pic32c/lib/thumb/v7e-m+fp/hard\libpic32c.a(data_init.o)

.stack          0x20000d10      0x100
 .stack         0x20000d10      0x100 stack

.bss.MET_Protocol_Data_Struct%1
                0x20000010      0x980
 .bss.MET_Protocol_Data_Struct
                0x20000010      0x980 build/default/debug/_ext/1894469536/MET_can_protocol.o

.bss.filterMotor%2
                0x20000990       0x54
 .bss.filterMotor
                0x20000990       0x54 build/default/debug/_ext/1229855278/filter.o

.bss.Can0MessageRAM%3
                0x20000a00       0x30
 .bss.Can0MessageRAM
                0x20000a00       0x30 build/default/debug/_ext/1894469536/MET_can_protocol.o
                0x20000a00                Can0MessageRAM

.bss.can0Obj%4  0x20000a30       0x28
 .bss.can0Obj   0x20000a30       0x28 build/default/debug/_ext/60165182/plib_can0.o

.bss.can0RxMsg%5
                0x20000a58       0x28
 .bss.can0RxMsg
                0x20000a58       0x28 build/default/debug/_ext/60165182/plib_can0.o

.bss.MET_Can_Protocol_RxTx_Struct%6
                0x20000a80       0x20
 .bss.MET_Can_Protocol_RxTx_Struct
                0x20000a80       0x20 build/default/debug/_ext/1894469536/MET_can_protocol.o

.bss.can0CallbackObj%7
                0x20000aa0       0x20
 .bss.can0CallbackObj
                0x20000aa0       0x20 build/default/debug/_ext/60165182/plib_can0.o

.bss%8          0x200009e4       0x1c
 .bss           0x200009e4       0x1c c:/program files/microchip/xc32/v3.01/bin/bin/../../lib/gcc/pic32c/8.3.1/thumb/v7e-m+fp/hard/crtbegin.o

.bss.rtcObj%9   0x20000ac0        0xc
 .bss.rtcObj    0x20000ac0        0xc build/default/debug/_ext/60180175/plib_rtc_timer.o

.bss.TC1_CallbackObject%10
                0x20000acc        0x8
 .bss.TC1_CallbackObject
                0x20000acc        0x8 build/default/debug/_ext/829342655/plib_tc1.o

.data.SmartEEPROM32%11
                0x20000ad4        0x4
 .data.SmartEEPROM32
                0x20000ad4        0x4 build/default/debug/_ext/1894469536/MET_can_protocol.o
                0x20000ad4                SmartEEPROM32

.bss.stp.9205%12
                0x20000ad8        0x4
 .bss.stp.9205  0x20000ad8        0x4 build/default/debug/_ext/1229855278/filter.o

.bss.light_tmo%13
                0x20000adc        0x4
 .bss.light_tmo
                0x20000adc        0x4 build/default/debug/_ext/804795040/power_led.o

.bss%14         0x20000ae0        0x4
 .bss           0x20000ae0        0x4 c:/program files/microchip/xc32/v3.01/bin/bin/../../lib/gcc/pic32c/8.3.1/../../../../pic32c/lib/thumb/v7e-m+fp/hard\libpic32c.a(data_init.o)

.bss.lastSequence.9197%15
                0x20000ae4        0x1
 .bss.lastSequence.9197
                0x20000ae4        0x1 build/default/debug/_ext/1894469536/MET_can_protocol.o

.bss.msgFrameAttr0%16
                0x20000ae5        0x1
 .bss.msgFrameAttr0
                0x20000ae5        0x1 build/default/debug/_ext/1894469536/MET_can_protocol.o
                0x20000ae5                msgFrameAttr0

.bss.rxBootloaderErrorTrigger%17
                0x20000ae6        0x1
 .bss.rxBootloaderErrorTrigger
                0x20000ae6        0x1 build/default/debug/_ext/1894469536/MET_can_protocol.o

.bss.rxBootloaderReceptionTrigger%18
                0x20000ae7        0x1
 .bss.rxBootloaderReceptionTrigger
                0x20000ae7        0x1 build/default/debug/_ext/1894469536/MET_can_protocol.o

.bss.rxErrorTrigger%19
                0x20000ae8        0x1
 .bss.rxErrorTrigger
                0x20000ae8        0x1 build/default/debug/_ext/1894469536/MET_can_protocol.o

.bss.rxReceptionTrigger%20
                0x20000ae9        0x1
 .bss.rxReceptionTrigger
                0x20000ae9        0x1 build/default/debug/_ext/1894469536/MET_can_protocol.o

.bss.messageMarker.8459%21
                0x20000aea        0x1
 .bss.messageMarker.8459
                0x20000aea        0x1 build/default/debug/_ext/60165182/plib_can0.o

.bss.button_stat.9200%22
                0x20000aeb        0x1
 .bss.button_stat.9200
                0x20000aeb        0x1 build/default/debug/_ext/1229855278/filter.o

.data.filtro.9196%23
                0x20000aec        0x1
 .data.filtro.9196
                0x20000aec        0x1 build/default/debug/_ext/1229855278/filter.o

.bss.current_command%24
                0x20000aed        0x1
 .bss.current_command
                0x20000aed        0x1 build/default/debug/_ext/1042908558/protocol.o

.bss.target_selection%25
                0x20000aee        0x1
 .bss.target_selection
                0x20000aee        0x1 build/default/debug/_ext/1042908558/protocol.o

.bss.trigger_time%26
                0x20000aef        0x1
 .bss.trigger_time
                0x20000aef        0x1 build/default/debug/_ext/1360937237/main.o

.eh_frame%z1    0x00000000        0x0
 .eh_frame      0x00000000        0x0 c:/program files/microchip/xc32/v3.01/bin/bin/../../lib/gcc/pic32c/8.3.1/thumb/v7e-m+fp/hard/crtbegin.o

.text.filterCallback%27
                0x00002280      0x444
 .text.filterCallback
                0x00002280      0x444 build/default/debug/_ext/1229855278/filter.o

.text.MET_Can_Protocol_Loop%28
                0x000026c4      0x3c4
 .text.MET_Can_Protocol_Loop
                0x000026c4      0x3c4 build/default/debug/_ext/1894469536/MET_can_protocol.o
                0x000026c4                MET_Can_Protocol_Loop

.text.CAN0_InterruptHandler%29
                0x00002a88      0x180
 .text.CAN0_InterruptHandler
                0x00002a88      0x180 build/default/debug/_ext/60165182/plib_can0.o
                0x00002a88                CAN0_InterruptHandler

.text.FilterSelect%30
                0x00002c08      0x154
 .text.FilterSelect
                0x00002c08      0x154 build/default/debug/_ext/1229855278/filter.o
                0x00002c08                FilterSelect

.text.CLOCK_Initialize%31
                0x00002d5c      0x150
 .text.CLOCK_Initialize
                0x00002d5c      0x150 build/default/debug/_ext/1984496892/plib_clock.o
                0x00002d5c                CLOCK_Initialize

.dinit%32       0x00002eac      0x150
 .dinit         0x00002eac      0x150 data_init

.text.MET_Can_Protocol_Init%33
                0x00002ffc      0x124
 .text.MET_Can_Protocol_Init
                0x00002ffc      0x124 build/default/debug/_ext/1894469536/MET_can_protocol.o
                0x00002ffc                MET_Can_Protocol_Init

.text.FilterInit%34
                0x00003120      0x11c
 .text.FilterInit
                0x00003120      0x11c build/default/debug/_ext/1229855278/filter.o
                0x00003120                FilterInit

.text.ApplicationProtocolLoop%35
                0x0000323c      0x100
 .text.ApplicationProtocolLoop
                0x0000323c      0x100 build/default/debug/_ext/1042908558/protocol.o
                0x0000323c                ApplicationProtocolLoop

.text.CAN0_MessageTransmit%36
                0x0000333c       0xac
 .text.CAN0_MessageTransmit
                0x0000333c       0xac build/default/debug/_ext/60165182/plib_can0.o
                0x0000333c                CAN0_MessageTransmit

.text.CAN0_MessageRAMConfigSet%37
                0x000033e8       0x98
 .text.CAN0_MessageRAMConfigSet
                0x000033e8       0x98 build/default/debug/_ext/60165182/plib_can0.o
                0x000033e8                CAN0_MessageRAMConfigSet

.text.ApplicationProtocolCommandHandler%38
                0x00003480       0x98
 .text.ApplicationProtocolCommandHandler
                0x00003480       0x98 build/default/debug/_ext/1042908558/protocol.o

.text.Reset_Handler%39
                0x00003518       0x94
 .text.Reset_Handler
                0x00003518       0x94 build/default/debug/_ext/1171490990/startup_xc32.o
                0x00003518                Reset_Handler

.text.ApplicationProtocolInit%40
                0x000035ac       0x94
 .text.ApplicationProtocolInit
                0x000035ac       0x94 build/default/debug/_ext/1042908558/protocol.o
                0x000035ac                ApplicationProtocolInit

.text.CAN0_Initialize%41
                0x00003640       0x88
 .text.CAN0_Initialize
                0x00003640       0x88 build/default/debug/_ext/60165182/plib_can0.o
                0x00003640                CAN0_Initialize

.text.__pic32c_data_initialization%42
                0x000036c8       0x88
 .text.__pic32c_data_initialization
                0x000036c8       0x88 c:/program files/microchip/xc32/v3.01/bin/bin/../../lib/gcc/pic32c/8.3.1/../../../../pic32c/lib/thumb/v7e-m+fp/hard\libpic32c.a(data_init.o)
                0x000036c8                __pic32c_data_initialization

.text.main%43   0x00003750       0x84
 .text.main     0x00003750       0x84 build/default/debug/_ext/1360937237/main.o
                0x00003750                main

.text.PORT_Initialize%44
                0x000037d4       0x78
 .text.PORT_Initialize
                0x000037d4       0x78 build/default/debug/_ext/1865521619/plib_port.o
                0x000037d4                PORT_Initialize

.text.startMotor%45
                0x0000384c       0x60
 .text.startMotor
                0x0000384c       0x60 build/default/debug/_ext/1229855278/filter.o
                0x0000384c                startMotor

.text.ADC0_Initialize%46
                0x000038ac       0x5c
 .text.ADC0_Initialize
                0x000038ac       0x5c build/default/debug/_ext/60163342/plib_adc0.o
                0x000038ac                ADC0_Initialize

.text.ADC1_Initialize%47
                0x00003908       0x5c
 .text.ADC1_Initialize
                0x00003908       0x5c build/default/debug/_ext/60163342/plib_adc1.o
                0x00003908                ADC1_Initialize

.text.MET_Can_AppRestartCallback%48
                0x00003964       0x58
 .text.MET_Can_AppRestartCallback
                0x00003964       0x58 build/default/debug/_ext/1894469536/MET_can_protocol.o

.text.setFaseCurrentMode%49
                0x000039bc       0x54
 .text.setFaseCurrentMode
                0x000039bc       0x54 build/default/debug/_ext/1229855278/filter.o
                0x000039bc                setFaseCurrentMode

.text.CAN0_MessageReceive%50
                0x00003a10       0x4c
 .text.CAN0_MessageReceive
                0x00003a10       0x4c build/default/debug/_ext/60165182/plib_can0.o
                0x00003a10                CAN0_MessageReceive

.text.NVIC_Initialize%51
                0x00003a5c       0x48
 .text.NVIC_Initialize
                0x00003a5c       0x48 build/default/debug/_ext/1865468468/plib_nvic.o
                0x00003a5c                NVIC_Initialize

.text.FilterTest%52
                0x00003aa4       0x48
 .text.FilterTest
                0x00003aa4       0x48 build/default/debug/_ext/1229855278/filter.o
                0x00003aa4                FilterTest

.text.__libc_init_array%53
                0x00003aec       0x48
 .text.__libc_init_array
                0x00003aec       0x48 c:/program files/microchip/xc32/v3.01/bin/bin/../../lib/gcc/pic32c/8.3.1/../../../../pic32c/lib/thumb/v7e-m+fp/hard\libg_nano.a(lib_a-init.o)
                0x00003aec                __libc_init_array

.text.MET_Can_Protocol_SetDefaultParameter%54
                0x00003b34       0x44
 .text.MET_Can_Protocol_SetDefaultParameter
                0x00003b34       0x44 build/default/debug/_ext/1894469536/MET_can_protocol.o
                0x00003b34                MET_Can_Protocol_SetDefaultParameter

.text.RTC_Initialize%55
                0x00003b78       0x44
 .text.RTC_Initialize
                0x00003b78       0x44 build/default/debug/_ext/60180175/plib_rtc_timer.o
                0x00003b78                RTC_Initialize

.text%56        0x00003bbc       0x40
 .text          0x00003bbc       0x40 c:/program files/microchip/xc32/v3.01/bin/bin/../../lib/gcc/pic32c/8.3.1/thumb/v7e-m+fp/hard/crtbegin.o

.text.CAN0_ErrorGet%57
                0x00003bfc       0x40
 .text.CAN0_ErrorGet
                0x00003bfc       0x40 build/default/debug/_ext/60165182/plib_can0.o
                0x00003bfc                CAN0_ErrorGet

.text.TC1_CompareInitialize%58
                0x00003c3c       0x3c
 .text.TC1_CompareInitialize
                0x00003c3c       0x3c build/default/debug/_ext/829342655/plib_tc1.o
                0x00003c3c                TC1_CompareInitialize

.text.MET_Can_Protocol_Reception_Trigger%59
                0x00003c78       0x38
 .text.MET_Can_Protocol_Reception_Trigger
                0x00003c78       0x38 build/default/debug/_ext/1894469536/MET_can_protocol.o

.text.MET_Can_Protocol_Reception_Callback%60
                0x00003cb0       0x38
 .text.MET_Can_Protocol_Reception_Callback
                0x00003cb0       0x38 build/default/debug/_ext/1894469536/MET_can_protocol.o

.text.MET_Can_Protocol_SetStatusBit%61
                0x00003ce8       0x38
 .text.MET_Can_Protocol_SetStatusBit
                0x00003ce8       0x38 build/default/debug/_ext/1894469536/MET_can_protocol.o
                0x00003ce8                MET_Can_Protocol_SetStatusBit

.text.setMicroStep%62
                0x00003d20       0x38
 .text.setMicroStep
                0x00003d20       0x38 build/default/debug/_ext/1229855278/filter.o
                0x00003d20                setMicroStep

.text.rtcEventHandler%63
                0x00003d58       0x38
 .text.rtcEventHandler
                0x00003d58       0x38 build/default/debug/_ext/1360937237/main.o

.text.PowerLedOn%64
                0x00003d90       0x34
 .text.PowerLedOn
                0x00003d90       0x34 build/default/debug/_ext/804795040/power_led.o
                0x00003d90                PowerLedOn

.text.TC0_CompareInitialize%65
                0x00003dc4       0x30
 .text.TC0_CompareInitialize
                0x00003dc4       0x30 build/default/debug/_ext/829342655/plib_tc0.o
                0x00003dc4                TC0_CompareInitialize

.text.SYS_Initialize%66
                0x00003df4       0x30
 .text.SYS_Initialize
                0x00003df4       0x30 build/default/debug/_ext/1171490990/initialization.o
                0x00003df4                SYS_Initialize

.text.FilterIsTarget%67
                0x00003e24       0x30
 .text.FilterIsTarget
                0x00003e24       0x30 build/default/debug/_ext/1229855278/filter.o
                0x00003e24                FilterIsTarget

.text.PowerLedLoop%68
                0x00003e54       0x30
 .text.PowerLedLoop
                0x00003e54       0x30 build/default/debug/_ext/804795040/power_led.o
                0x00003e54                PowerLedLoop

.text.MET_Can_Protocol_SetErrors%69
                0x00003e84       0x2c
 .text.MET_Can_Protocol_SetErrors
                0x00003e84       0x2c build/default/debug/_ext/1894469536/MET_can_protocol.o
                0x00003e84                MET_Can_Protocol_SetErrors

.text.TC1_CompareInterruptHandler%70
                0x00003eb0       0x2c
 .text.TC1_CompareInterruptHandler
                0x00003eb0       0x2c build/default/debug/_ext/829342655/plib_tc1.o
                0x00003eb0                TC1_CompareInterruptHandler

.text.stopMotor%71
                0x00003edc       0x2c
 .text.stopMotor
                0x00003edc       0x2c build/default/debug/_ext/1229855278/filter.o
                0x00003edc                stopMotor

.text.FilterTest2%72
                0x00003f08       0x2c
 .text.FilterTest2
                0x00003f08       0x2c build/default/debug/_ext/1229855278/filter.o
                0x00003f08                FilterTest2

.text.MET_Can_Protocol_GetParameter%73
                0x00003f34       0x28
 .text.MET_Can_Protocol_GetParameter
                0x00003f34       0x28 build/default/debug/_ext/1894469536/MET_can_protocol.o
                0x00003f34                MET_Can_Protocol_GetParameter

.text.RTC_InterruptHandler%74
                0x00003f5c       0x28
 .text.RTC_InterruptHandler
                0x00003f5c       0x28 build/default/debug/_ext/60180175/plib_rtc_timer.o
                0x00003f5c                RTC_InterruptHandler

.text.PowerLedInit%75
                0x00003f84       0x28
 .text.PowerLedInit
                0x00003f84       0x28 build/default/debug/_ext/804795040/power_led.o
                0x00003f84                PowerLedInit

.text.PowerLedOff%76
                0x00003fac       0x28
 .text.PowerLedOff
                0x00003fac       0x28 build/default/debug/_ext/804795040/power_led.o
                0x00003fac                PowerLedOff

.text.MET_Can_Protocol_SetStatusReg%77
                0x00003fd4       0x20
 .text.MET_Can_Protocol_SetStatusReg
                0x00003fd4       0x20 build/default/debug/_ext/1894469536/MET_can_protocol.o
                0x00003fd4                MET_Can_Protocol_SetStatusReg

.text.XrayInit%78
                0x00003ff4       0x20
 .text.XrayInit
                0x00003ff4       0x20 build/default/debug/_ext/382305744/xray_tube.o
                0x00003ff4                XrayInit

.text.CAN0_RxCallbackRegister%79
                0x00004014       0x1c
 .text.CAN0_RxCallbackRegister
                0x00004014       0x1c build/default/debug/_ext/60165182/plib_can0.o
                0x00004014                CAN0_RxCallbackRegister

.text.getSlotFromFilter%80
                0x00004030       0x1c
 .text.getSlotFromFilter
                0x00004030       0x1c build/default/debug/_ext/1229855278/filter.o

.text.memcpy%81
                0x0000404c       0x1c
 .text.memcpy   0x0000404c       0x1c c:/program files/microchip/xc32/v3.01/bin/bin/../../lib/gcc/pic32c/8.3.1/../../../../pic32c/lib/thumb/v7e-m+fp/hard\libg_nano.a(lib_a-memcpy-stub.o)
                0x0000404c                memcpy

.text.ADC0_Enable%82
                0x00004068       0x18
 .text.ADC0_Enable
                0x00004068       0x18 build/default/debug/_ext/60163342/plib_adc0.o
                0x00004068                ADC0_Enable

.text.ADC0_ConversionStart%83
                0x00004080       0x18
 .text.ADC0_ConversionStart
                0x00004080       0x18 build/default/debug/_ext/60163342/plib_adc0.o
                0x00004080                ADC0_ConversionStart

.text.ADC1_Enable%84
                0x00004098       0x18
 .text.ADC1_Enable
                0x00004098       0x18 build/default/debug/_ext/60163342/plib_adc1.o
                0x00004098                ADC1_Enable

.text.ADC1_ConversionStart%85
                0x000040b0       0x18
 .text.ADC1_ConversionStart
                0x000040b0       0x18 build/default/debug/_ext/60163342/plib_adc1.o
                0x000040b0                ADC1_ConversionStart

.text.RTC_Timer32Start%86
                0x000040c8       0x18
 .text.RTC_Timer32Start
                0x000040c8       0x18 build/default/debug/_ext/60180175/plib_rtc_timer.o
                0x000040c8                RTC_Timer32Start

.text.TC1_CompareStart%87
                0x000040e0       0x18
 .text.TC1_CompareStart
                0x000040e0       0x18 build/default/debug/_ext/829342655/plib_tc1.o
                0x000040e0                TC1_CompareStart

.text.TC1_CompareStop%88
                0x000040f8       0x18
 .text.TC1_CompareStop
                0x000040f8       0x18 build/default/debug/_ext/829342655/plib_tc1.o
                0x000040f8                TC1_CompareStop

.text.TC1_Compare16bitPeriodSet%89
                0x00004110       0x18
 .text.TC1_Compare16bitPeriodSet
                0x00004110       0x18 build/default/debug/_ext/829342655/plib_tc1.o
                0x00004110                TC1_Compare16bitPeriodSet

.text.MET_Can_Protocol_returnCommandExecuting%90
                0x00004128       0x14
 .text.MET_Can_Protocol_returnCommandExecuting
                0x00004128       0x14 build/default/debug/_ext/1894469536/MET_can_protocol.o
                0x00004128                MET_Can_Protocol_returnCommandExecuting

.text.MET_Can_Protocol_returnCommandExecuted%91
                0x0000413c       0x14
 .text.MET_Can_Protocol_returnCommandExecuted
                0x0000413c       0x14 build/default/debug/_ext/1894469536/MET_can_protocol.o
                0x0000413c                MET_Can_Protocol_returnCommandExecuted

.text.MET_Can_Protocol_returnCommandError%92
                0x00004150       0x10
 .text.MET_Can_Protocol_returnCommandError
                0x00004150       0x10 build/default/debug/_ext/1894469536/MET_can_protocol.o
                0x00004150                MET_Can_Protocol_returnCommandError

.text.CAN0_TxCallbackRegister%93
                0x00004160       0x10
 .text.CAN0_TxCallbackRegister
                0x00004160       0x10 build/default/debug/_ext/60165182/plib_can0.o
                0x00004160                CAN0_TxCallbackRegister

.rodata%94      0x00004170       0x10
 .rodata        0x00004170       0x10 build/default/debug/_ext/60165182/plib_can0.o

.text.NVMCTRL_Initialize%95
                0x00004180       0x10
 .text.NVMCTRL_Initialize
                0x00004180       0x10 build/default/debug/_ext/1593096446/plib_nvmctrl.o
                0x00004180                NVMCTRL_Initialize

.text.NVMCTRL_SmartEEPROM_IsBusy%96
                0x00004190       0x10
 .text.NVMCTRL_SmartEEPROM_IsBusy
                0x00004190       0x10 build/default/debug/_ext/1593096446/plib_nvmctrl.o
                0x00004190                NVMCTRL_SmartEEPROM_IsBusy

.text.FilterIsError%97
                0x000041a0       0x10
 .text.FilterIsError
                0x000041a0       0x10 build/default/debug/_ext/1229855278/filter.o
                0x000041a0                FilterIsError

.text.memset%98
                0x000041b0       0x10
 .text.memset   0x000041b0       0x10 c:/program files/microchip/xc32/v3.01/bin/bin/../../lib/gcc/pic32c/8.3.1/../../../../pic32c/lib/thumb/v7e-m+fp/hard\libg_nano.a(lib_a-memset.o)
                0x000041b0                memset

.text.FilterIsValid%99
                0x000041c0        0xe
 .text.FilterIsValid
                0x000041c0        0xe build/default/debug/_ext/1229855278/filter.o
                0x000041c0                FilterIsValid

.text.ADC0_ConversionResultGet%100
                0x000041d0        0xc
 .text.ADC0_ConversionResultGet
                0x000041d0        0xc build/default/debug/_ext/60163342/plib_adc0.o
                0x000041d0                ADC0_ConversionResultGet

.text.ADC1_ConversionResultGet%101
                0x000041dc        0xc
 .text.ADC1_ConversionResultGet
                0x000041dc        0xc build/default/debug/_ext/60163342/plib_adc1.o
                0x000041dc                ADC1_ConversionResultGet

.text.RTC_Timer32CallbackRegister%102
                0x000041e8        0xc
 .text.RTC_Timer32CallbackRegister
                0x000041e8        0xc build/default/debug/_ext/60180175/plib_rtc_timer.o
                0x000041e8                RTC_Timer32CallbackRegister

.text.TC1_Compare16bitPeriodGet%103
                0x000041f4        0xc
 .text.TC1_Compare16bitPeriodGet
                0x000041f4        0xc build/default/debug/_ext/829342655/plib_tc1.o
                0x000041f4                TC1_Compare16bitPeriodGet

.text.TC1_CompareCallbackRegister%104
                0x00004200        0xc
 .text.TC1_CompareCallbackRegister
                0x00004200        0xc build/default/debug/_ext/829342655/plib_tc1.o
                0x00004200                TC1_CompareCallbackRegister

.text.FilterIsRunning%105
                0x0000420c        0xc
 .text.FilterIsRunning
                0x0000420c        0xc build/default/debug/_ext/1229855278/filter.o
                0x0000420c                FilterIsRunning

.text.XrayLoop%106
                0x00004218        0xc
 .text.XrayLoop
                0x00004218        0xc build/default/debug/_ext/382305744/xray_tube.o
                0x00004218                XrayLoop

.rodata.can0StdFilter%107
                0x00004224        0x8
 .rodata.can0StdFilter
                0x00004224        0x8 build/default/debug/_ext/60165182/plib_can0.o

.text.Dummy_Handler%108
                0x0000422c        0x4
 .text.Dummy_Handler
                0x0000422c        0x4 build/default/debug/_ext/1171490990/interrupts.o
                0x0000422c                EIC_EXTINT_9_Handler
                0x0000422c                TCC0_MC5_Handler
                0x0000422c                SVCall_Handler
                0x0000422c                SERCOM0_2_Handler
                0x0000422c                USB_SOF_HSOF_Handler
                0x0000422c                TCC4_OTHER_Handler
                0x0000422c                TCC2_MC2_Handler
                0x0000422c                EVSYS_0_Handler
                0x0000422c                TRNG_Handler
                0x0000422c                TC2_Handler
                0x0000422c                USB_TRCPT0_Handler
                0x0000422c                DAC_OTHER_Handler
                0x0000422c                AC_Handler
                0x0000422c                DAC_EMPTY_0_Handler
                0x0000422c                DMAC_OTHER_Handler
                0x0000422c                EIC_EXTINT_5_Handler
                0x0000422c                SERCOM3_1_Handler
                0x0000422c                SysTick_Handler
                0x0000422c                SERCOM4_OTHER_Handler
                0x0000422c                SERCOM3_2_Handler
                0x0000422c                EIC_EXTINT_6_Handler
                0x0000422c                PendSV_Handler
                0x0000422c                TCC4_MC0_Handler
                0x0000422c                EVSYS_3_Handler
                0x0000422c                QSPI_Handler
                0x0000422c                TCC2_MC0_Handler
                0x0000422c                PDEC_OTHER_Handler
                0x0000422c                TCC3_MC0_Handler
                0x0000422c                PDEC_MC1_Handler
                0x0000422c                TCC2_MC1_Handler
                0x0000422c                OSCCTRL_XOSC1_Handler
                0x0000422c                PDEC_MC0_Handler
                0x0000422c                EIC_EXTINT_4_Handler
                0x0000422c                EIC_EXTINT_7_Handler
                0x0000422c                SERCOM0_OTHER_Handler
                0x0000422c                EVSYS_OTHER_Handler
                0x0000422c                SERCOM0_0_Handler
                0x0000422c                SERCOM4_0_Handler
                0x0000422c                TCC1_MC0_Handler
                0x0000422c                SERCOM1_OTHER_Handler
                0x0000422c                TCC2_OTHER_Handler
                0x0000422c                EIC_EXTINT_11_Handler
                0x0000422c                SUPC_BODDET_Handler
                0x0000422c                EIC_EXTINT_14_Handler
                0x0000422c                OSC32KCTRL_Handler
                0x0000422c                EVSYS_1_Handler
                0x0000422c                TCC4_MC1_Handler
                0x0000422c                DMAC_0_Handler
                0x0000422c                SUPC_OTHER_Handler
                0x0000422c                WDT_Handler
                0x0000422c                EIC_EXTINT_15_Handler
                0x0000422c                EIC_EXTINT_1_Handler
                0x0000422c                TCC3_MC1_Handler
                0x0000422c                SERCOM5_0_Handler
                0x0000422c                TC4_Handler
                0x0000422c                TCC1_MC1_Handler
                0x0000422c                EIC_EXTINT_0_Handler
                0x0000422c                TCC1_OTHER_Handler
                0x0000422c                PAC_Handler
                0x0000422c                SERCOM4_1_Handler
                0x0000422c                TC3_Handler
                0x0000422c                Dummy_Handler
                0x0000422c                DAC_RESRDY_0_Handler
                0x0000422c                SERCOM5_1_Handler
                0x0000422c                DMAC_2_Handler
                0x0000422c                TCC0_MC4_Handler
                0x0000422c                USB_TRCPT1_Handler
                0x0000422c                SERCOM0_1_Handler
                0x0000422c                TCC0_MC3_Handler
                0x0000422c                EIC_EXTINT_12_Handler
                0x0000422c                OSCCTRL_DPLL0_Handler
                0x0000422c                SERCOM5_OTHER_Handler
                0x0000422c                PM_Handler
                0x0000422c                OSCCTRL_DFLL_Handler
                0x0000422c                DAC_RESRDY_1_Handler
                0x0000422c                DMAC_1_Handler
                0x0000422c                USB_OTHER_Handler
                0x0000422c                CAN1_Handler
                0x0000422c                TCC0_OTHER_Handler
                0x0000422c                EIC_EXTINT_10_Handler
                0x0000422c                TCC1_MC3_Handler
                0x0000422c                OSCCTRL_XOSC0_Handler
                0x0000422c                TCC0_MC0_Handler
                0x0000422c                EIC_EXTINT_2_Handler
                0x0000422c                SDHC0_Handler
                0x0000422c                SERCOM1_1_Handler
                0x0000422c                I2S_Handler
                0x0000422c                PCC_Handler
                0x0000422c                TCC3_OTHER_Handler
                0x0000422c                EIC_EXTINT_13_Handler
                0x0000422c                SERCOM1_0_Handler
                0x0000422c                PUKCC_Handler
                0x0000422c                SERCOM2_1_Handler
                0x0000422c                SERCOM1_2_Handler
                0x0000422c                SERCOM3_0_Handler
                0x0000422c                SERCOM4_2_Handler
                0x0000422c                TCC1_MC2_Handler
                0x0000422c                ADC1_RESRDY_Handler
                0x0000422c                NVMCTRL_1_Handler
                0x0000422c                SERCOM5_2_Handler
                0x0000422c                SERCOM2_2_Handler
                0x0000422c                DAC_EMPTY_1_Handler
                0x0000422c                ADC1_OTHER_Handler
                0x0000422c                OSCCTRL_DPLL1_Handler
                0x0000422c                EIC_EXTINT_3_Handler
                0x0000422c                SERCOM3_OTHER_Handler
                0x0000422c                EIC_EXTINT_8_Handler
                0x0000422c                NVMCTRL_0_Handler
                0x0000422c                ADC0_RESRDY_Handler
                0x0000422c                ADC0_OTHER_Handler
                0x0000422c                MCLK_Handler
                0x0000422c                EVSYS_2_Handler
                0x0000422c                SERCOM2_OTHER_Handler
                0x0000422c                FREQM_Handler
                0x0000422c                TC0_Handler
                0x0000422c                TCC0_MC1_Handler
                0x0000422c                DMAC_3_Handler
                0x0000422c                RAMECC_Handler
                0x0000422c                TC5_Handler
                0x0000422c                SERCOM2_0_Handler
                0x0000422c                AES_Handler
                0x0000422c                ICM_Handler
                0x0000422c                TCC0_MC2_Handler

.text.NonMaskableInt_Handler%109
                0x00004230        0x4
 .text.NonMaskableInt_Handler
                0x00004230        0x4 build/default/debug/_ext/1171490990/exceptions.o
                0x00004230                NonMaskableInt_Handler

.text.HardFault_Handler%110
                0x00004234        0x4
 .text.HardFault_Handler
                0x00004234        0x4 build/default/debug/_ext/1171490990/exceptions.o
                0x00004234                HardFault_Handler

.text.DebugMonitor_Handler%111
                0x00004238        0x4
 .text.DebugMonitor_Handler
                0x00004238        0x4 build/default/debug/_ext/1171490990/exceptions.o
                0x00004238                DebugMonitor_Handler

.text.MemoryManagement_Handler%112
                0x0000423c        0x4
 .text.MemoryManagement_Handler
                0x0000423c        0x4 build/default/debug/_ext/1171490990/exceptions.o
                0x0000423c                MemoryManagement_Handler

.text.BusFault_Handler%113
                0x00004240        0x4
 .text.BusFault_Handler
                0x00004240        0x4 build/default/debug/_ext/1171490990/exceptions.o
                0x00004240                BusFault_Handler

.text.UsageFault_Handler%114
                0x00004244        0x4
 .text.UsageFault_Handler
                0x00004244        0x4 build/default/debug/_ext/1171490990/exceptions.o
                0x00004244                UsageFault_Handler

.text.EVSYS_Initialize%115
                0x000041ce        0x2
 .text.EVSYS_Initialize
                0x000041ce        0x2 build/default/debug/_ext/1986646378/plib_evsys.o
                0x000041ce                EVSYS_Initialize

.text.Dummy_App_Func%116
                0x00004248        0x2
 .text.Dummy_App_Func
                0x00004248        0x2 build/default/debug/_ext/1171490990/startup_xc32.o
                0x00004248                _on_reset
                0x00004248                _on_bootstrap
                0x00004248                __xc32_on_reset
                0x00004248                Dummy_App_Func
                0x00004248                __xc32_on_bootstrap
